Archive member included because of file (symbol)

d:/program files (x86)/truestudio for arm lite 5.0.0/armtools/bin/../lib/gcc/arm-atollic-eabi/4.7.3/../../../../arm-atollic-eabi/lib/armv7-m\libc_s.a(lib_a-init.o)
                              src\startup_stm32f10x_ld_vl.o (__libc_init_array)
d:/program files (x86)/truestudio for arm lite 5.0.0/armtools/bin/../lib/gcc/arm-atollic-eabi/4.7.3/../../../../arm-atollic-eabi/lib/armv7-m\libc_s.a(lib_a-strlen.o)
                              src\tiny_printf.o (strlen)
d:/program files (x86)/truestudio for arm lite 5.0.0/armtools/bin/../lib/gcc/arm-atollic-eabi/4.7.3/../../../../arm-atollic-eabi/lib/armv7-m\libc_s.a(lib_a-syscalls.o)
                              src\tiny_printf.o (_write)
d:/program files (x86)/truestudio for arm lite 5.0.0/armtools/bin/../lib/gcc/arm-atollic-eabi/4.7.3/../../../../arm-atollic-eabi/lib/armv7-m\libc_s.a(lib_a-reent.o)
                              d:/program files (x86)/truestudio for arm lite 5.0.0/armtools/bin/../lib/gcc/arm-atollic-eabi/4.7.3/../../../../arm-atollic-eabi/lib/armv7-m\libc_s.a(lib_a-syscalls.o) (errno)
d:/program files (x86)/truestudio for arm lite 5.0.0/armtools/bin/../lib/gcc/arm-atollic-eabi/4.7.3/../../../../arm-atollic-eabi/lib/armv7-m\libc_s.a(lib_a-freer.o)
                              d:/program files (x86)/truestudio for arm lite 5.0.0/armtools/bin/../lib/gcc/arm-atollic-eabi/4.7.3/../../../../arm-atollic-eabi/lib/armv7-m\libc_s.a(lib_a-reent.o) (_free_r)
d:/program files (x86)/truestudio for arm lite 5.0.0/armtools/bin/../lib/gcc/arm-atollic-eabi/4.7.3/../../../../arm-atollic-eabi/lib/armv7-m\libc_s.a(lib_a-impure.o)
                              d:/program files (x86)/truestudio for arm lite 5.0.0/armtools/bin/../lib/gcc/arm-atollic-eabi/4.7.3/../../../../arm-atollic-eabi/lib/armv7-m\libc_s.a(lib_a-reent.o) (_impure_ptr)
d:/program files (x86)/truestudio for arm lite 5.0.0/armtools/bin/../lib/gcc/arm-atollic-eabi/4.7.3/../../../../arm-atollic-eabi/lib/armv7-m\libc_s.a(lib_a-mallocr.o)
                              d:/program files (x86)/truestudio for arm lite 5.0.0/armtools/bin/../lib/gcc/arm-atollic-eabi/4.7.3/../../../../arm-atollic-eabi/lib/armv7-m\libc_s.a(lib_a-freer.o) (__malloc_free_list)
d:/program files (x86)/truestudio for arm lite 5.0.0/armtools/bin/../lib/gcc/arm-atollic-eabi/4.7.3/../../../../arm-atollic-eabi/lib/armv7-m\libc_s.a(lib_a-sbrkr.o)
                              d:/program files (x86)/truestudio for arm lite 5.0.0/armtools/bin/../lib/gcc/arm-atollic-eabi/4.7.3/../../../../arm-atollic-eabi/lib/armv7-m\libc_s.a(lib_a-mallocr.o) (_sbrk_r)
d:/program files (x86)/truestudio for arm lite 5.0.0/armtools/bin/../lib/gcc/arm-atollic-eabi/4.7.3/armv7-m\libgcc.a(_arm_addsubdf3.o)
                              src\main.o (__aeabi_f2d)
d:/program files (x86)/truestudio for arm lite 5.0.0/armtools/bin/../lib/gcc/arm-atollic-eabi/4.7.3/armv7-m\libgcc.a(_arm_muldivdf3.o)
                              src\main.o (__aeabi_dmul)
d:/program files (x86)/truestudio for arm lite 5.0.0/armtools/bin/../lib/gcc/arm-atollic-eabi/4.7.3/armv7-m\libgcc.a(_arm_fixunsdfsi.o)
                              src\main.o (__aeabi_d2uiz)
d:/program files (x86)/truestudio for arm lite 5.0.0/armtools/bin/../lib/gcc/arm-atollic-eabi/4.7.3/armv7-m\libgcc.a(_arm_truncdfsf2.o)
                              src\main.o (__aeabi_d2f)
d:/program files (x86)/truestudio for arm lite 5.0.0/armtools/bin/../lib/gcc/arm-atollic-eabi/4.7.3/armv7-m\libgcc.a(_arm_addsubsf3.o)
                              src\main.o (__aeabi_fsub)
d:/program files (x86)/truestudio for arm lite 5.0.0/armtools/bin/../lib/gcc/arm-atollic-eabi/4.7.3/armv7-m\libgcc.a(_arm_muldivsf3.o)
                              src\main.o (__aeabi_fmul)

Allocating common symbols
Common symbol       size              file

Batt_3_5_value      0x4               src\main.o
errno               0x4               d:/program files (x86)/truestudio for arm lite 5.0.0/armtools/bin/../lib/gcc/arm-atollic-eabi/4.7.3/../../../../arm-atollic-eabi/lib/armv7-m\libc_s.a(lib_a-reent.o)
Batt_2_5_value      0x4               src\main.o
Batt_1_5_value      0x4               src\main.o
Batt_critical_value
                    0x4               src\main.o
Batt_4_5_value      0x4               src\main.o

Discarded input sections

 .text          0x00000000        0x0 d:/program files (x86)/truestudio for arm lite 5.0.0/armtools/bin/../lib/gcc/arm-atollic-eabi/4.7.3/armv7-m/crti.o
 .data          0x00000000        0x0 d:/program files (x86)/truestudio for arm lite 5.0.0/armtools/bin/../lib/gcc/arm-atollic-eabi/4.7.3/armv7-m/crti.o
 .bss           0x00000000        0x0 d:/program files (x86)/truestudio for arm lite 5.0.0/armtools/bin/../lib/gcc/arm-atollic-eabi/4.7.3/armv7-m/crti.o
 .data          0x00000000        0x4 d:/program files (x86)/truestudio for arm lite 5.0.0/armtools/bin/../lib/gcc/arm-atollic-eabi/4.7.3/armv7-m/crtbegin.o
 .text          0x00000000        0x0 src\tiny_printf.o
[...]
Memory Configuration

Name             Origin             Length             Attributes
FLASH            0x08000000         0x00008000         xr
RAM              0x20000000         0x00001000         xrw
MEMORY_B1        0x60000000         0x00000000         xr
*default*        0x00000000         0xffffffff

Linker script and memory map

LOAD d:/program files (x86)/truestudio for arm lite 5.0.0/armtools/bin/../lib/gcc/arm-atollic-eabi/4.7.3/armv7-m/crti.o
LOAD d:/program files (x86)/truestudio for arm lite 5.0.0/armtools/bin/../lib/gcc/arm-atollic-eabi/4.7.3/armv7-m/crtbegin.o
LOAD src\tiny_printf.o
LOAD src\system_stm32f10x.o
LOAD src\stm32f1xx_it.o
LOAD src\startup_stm32f10x_ld_vl.o
LOAD src\main.o
LOAD Libraries\STM32F10x_StdPeriph_Driver\src\stm32f10x_wwdg.o
LOAD Libraries\STM32F10x_StdPeriph_Driver\src\stm32f10x_usart.o
LOAD Libraries\STM32F10x_StdPeriph_Driver\src\stm32f10x_tim.o
LOAD Libraries\STM32F10x_StdPeriph_Driver\src\stm32f10x_spi.o
LOAD Libraries\STM32F10x_StdPeriph_Driver\src\stm32f10x_sdio.o
LOAD Libraries\STM32F10x_StdPeriph_Driver\src\stm32f10x_rtc.o
LOAD Libraries\STM32F10x_StdPeriph_Driver\src\stm32f10x_rcc.o
LOAD Libraries\STM32F10x_StdPeriph_Driver\src\stm32f10x_pwr.o
LOAD Libraries\STM32F10x_StdPeriph_Driver\src\stm32f10x_iwdg.o
LOAD Libraries\STM32F10x_StdPeriph_Driver\src\stm32f10x_i2c.o
LOAD Libraries\STM32F10x_StdPeriph_Driver\src\stm32f10x_gpio.o
LOAD Libraries\STM32F10x_StdPeriph_Driver\src\stm32f10x_fsmc.o
LOAD Libraries\STM32F10x_StdPeriph_Driver\src\stm32f10x_flash.o
LOAD Libraries\STM32F10x_StdPeriph_Driver\src\stm32f10x_exti.o
LOAD Libraries\STM32F10x_StdPeriph_Driver\src\stm32f10x_dma.o
LOAD Libraries\STM32F10x_StdPeriph_Driver\src\stm32f10x_dbgmcu.o
LOAD Libraries\STM32F10x_StdPeriph_Driver\src\stm32f10x_dac.o
LOAD Libraries\STM32F10x_StdPeriph_Driver\src\stm32f10x_crc.o
LOAD Libraries\STM32F10x_StdPeriph_Driver\src\stm32f10x_cec.o
LOAD Libraries\STM32F10x_StdPeriph_Driver\src\stm32f10x_can.o
LOAD Libraries\STM32F10x_StdPeriph_Driver\src\stm32f10x_bkp.o
LOAD Libraries\STM32F10x_StdPeriph_Driver\src\stm32f10x_adc.o
LOAD Libraries\STM32F10x_StdPeriph_Driver\src\misc.o
START GROUP
LOAD d:/program files (x86)/truestudio for arm lite 5.0.0/armtools/bin/../lib/gcc/arm-atollic-eabi/4.7.3/../../../../arm-atollic-eabi/lib/armv7-m\libc_s.a
LOAD d:/program files (x86)/truestudio for arm lite 5.0.0/armtools/bin/../lib/gcc/arm-atollic-eabi/4.7.3/../../../../arm-atollic-eabi/lib/armv7-m\libm.a
END GROUP
                0x00001000                malloc_getpagesize_P = 0x1000
START GROUP
LOAD d:/program files (x86)/truestudio for arm lite 5.0.0/armtools/bin/../lib/gcc/arm-atollic-eabi/4.7.3/armv7-m\libgcc.a
LOAD d:/program files (x86)/truestudio for arm lite 5.0.0/armtools/bin/../lib/gcc/arm-atollic-eabi/4.7.3/../../../../arm-atollic-eabi/lib/armv7-m\libc.a
END GROUP
LOAD d:/program files (x86)/truestudio for arm lite 5.0.0/armtools/bin/../lib/gcc/arm-atollic-eabi/4.7.3/armv7-m/crtend.o
LOAD d:/program files (x86)/truestudio for arm lite 5.0.0/armtools/bin/../lib/gcc/arm-atollic-eabi/4.7.3/armv7-m/crtn.o
                0x20001000                _estack = 0x20001000
                0x00000000                _Min_Heap_Size = 0x0
                0x00000080                _Min_Stack_Size = 0x80

.isr_vector     0x08000000      0x1d0
                0x08000000                . = ALIGN (0x4)
 *(.isr_vector)
 .isr_vector    0x08000000      0x1d0 src\startup_stm32f10x_ld_vl.o
                0x08000000                g_pfnVectors
                0x080001d0                . = ALIGN (0x4)

.text           0x080001d0     0x25c0
                0x080001d0                . = ALIGN (0x4)
 *(.text)
 .text          0x080001d0       0x54 d:/program files (x86)/truestudio for arm lite 5.0.0/armtools/bin/../lib/gcc/arm-atollic-eabi/4.7.3/armv7-m/crtbegin.o
 .text          0x08000224      0x370 d:/program files (x86)/truestudio for arm lite 5.0.0/armtools/bin/../lib/gcc/arm-atollic-eabi/4.7.3/armv7-m\libgcc.a(_arm_addsubdf3.o)
                0x08000224                __aeabi_drsub
                0x0800022c                __aeabi_dsub
                0x0800022c                __subdf3
                0x08000230                __aeabi_dadd
                0x08000230                __adddf3
                0x080004a8                __floatunsidf
                0x080004a8                __aeabi_ui2d
                0x080004c8                __floatsidf
                0x080004c8                __aeabi_i2d
                0x080004ec                __aeabi_f2d
                0x080004ec                __extendsfdf2
                0x08000528                __floatundidf
                0x08000528                __aeabi_ul2d
                0x08000538                __floatdidf
                0x08000538                __aeabi_l2d
 .text          0x08000594      0x424 d:/program files (x86)/truestudio for arm lite 5.0.0/armtools/bin/../lib/gcc/arm-atollic-eabi/4.7.3/armv7-m\libgcc.a(_arm_muldivdf3.o)
                0x08000594                __aeabi_dmul
                0x08000594                __muldf3
                0x080007e8                __divdf3
                0x080007e8                __aeabi_ddiv
 .text          0x080009b8       0x40 d:/program files (x86)/truestudio for arm lite 5.0.0/armtools/bin/../lib/gcc/arm-atollic-eabi/4.7.3/armv7-m\libgcc.a(_arm_fixunsdfsi.o)
                0x080009b8                __aeabi_d2uiz
                0x080009b8                __fixunsdfsi
 .text          0x080009f8       0xa0 d:/program files (x86)/truestudio for arm lite 5.0.0/armtools/bin/../lib/gcc/arm-atollic-eabi/4.7.3/armv7-m\libgcc.a(_arm_truncdfsf2.o)
                0x080009f8                __truncdfsf2
                0x080009f8                __aeabi_d2f
 .text          0x08000a98      0x21c d:/program files (x86)/truestudio for arm lite 5.0.0/armtools/bin/../lib/gcc/arm-atollic-eabi/4.7.3/armv7-m\libgcc.a(_arm_addsubsf3.o)
                0x08000a98                __aeabi_frsub
                0x08000aa0                __subsf3
                0x08000aa0                __aeabi_fsub
                0x08000aa4                __aeabi_fadd
                0x08000aa4                __addsf3
                0x08000c04                __aeabi_ui2f
                0x08000c04                __floatunsisf
                0x08000c0c                __aeabi_i2f
                0x08000c0c                __floatsisf
                0x08000c28                __aeabi_ul2f
                0x08000c28                __floatundisf
                0x08000c38                __aeabi_l2f
                0x08000c38                __floatdisf
 .text          0x08000cb4      0x2a0 d:/program files (x86)/truestudio for arm lite 5.0.0/armtools/bin/../lib/gcc/arm-atollic-eabi/4.7.3/armv7-m\libgcc.a(_arm_muldivsf3.o)
                0x08000cb4                __mulsf3
                0x08000cb4                __aeabi_fmul
                0x08000e1c                __aeabi_fdiv
                0x08000e1c                __divsf3
 *(.text*)
 .text.SystemInit
                0x08000f54       0xd8 src\system_stm32f10x.o
                0x08000f54                SystemInit
 .text.NMI_Handler
                0x0800102c        0x2 src\stm32f1xx_it.o
                0x0800102c                NMI_Handler
 .text.HardFault_Handler
                0x0800102e        0x2 src\stm32f1xx_it.o
                0x0800102e                HardFault_Handler
 .text.MemManage_Handler
                0x08001030        0x2 src\stm32f1xx_it.o
                0x08001030                MemManage_Handler
 .text.BusFault_Handler
                0x08001032        0x2 src\stm32f1xx_it.o
                0x08001032                BusFault_Handler
 .text.UsageFault_Handler
                0x08001034        0x2 src\stm32f1xx_it.o
                0x08001034                UsageFault_Handler
 .text.SVC_Handler
                0x08001036        0x2 src\stm32f1xx_it.o
                0x08001036                SVC_Handler
 .text.DebugMon_Handler
                0x08001038        0x2 src\stm32f1xx_it.o
                0x08001038                DebugMon_Handler
 .text.PendSV_Handler
                0x0800103a        0x2 src\stm32f1xx_it.o
                0x0800103a                PendSV_Handler
 .text.SysTick_Handler
                0x0800103c        0x2 src\stm32f1xx_it.o
                0x0800103c                SysTick_Handler
 *fill*         0x0800103e        0x2 00
 .text.Reset_Handler
                0x08001040       0x58 src\startup_stm32f10x_ld_vl.o
                0x08001040                Reset_Handler
 .text.Default_Handler
                0x08001098        0x4 src\startup_stm32f10x_ld_vl.o
                0x08001098                EXTI2_IRQHandler
                0x08001098                TIM1_CC_IRQHandler
                0x08001098                PVD_IRQHandler
                0x08001098                EXTI3_IRQHandler
                0x08001098                EXTI0_IRQHandler
                0x08001098                TIM1_UP_TIM16_IRQHandler
                0x08001098                SPI1_IRQHandler
                0x08001098                TAMPER_IRQHandler
                0x08001098                TIM6_DAC_IRQHandler
                0x08001098                DMA1_Channel4_IRQHandler
                0x08001098                ADC1_IRQHandler
                0x08001098                RTC_IRQHandler
                0x08001098                DMA1_Channel7_IRQHandler
                0x08001098                I2C1_EV_IRQHandler
                0x08001098                DMA1_Channel6_IRQHandler
                0x08001098                TIM3_IRQHandler
                0x08001098                RCC_IRQHandler
                0x08001098                DMA1_Channel1_IRQHandler
                0x08001098                Default_Handler
                0x08001098                CEC_IRQHandler
                0x08001098                EXTI15_10_IRQHandler
                0x08001098                TIM7_IRQHandler
                0x08001098                EXTI9_5_IRQHandler
                0x08001098                DMA1_Channel5_IRQHandler
                0x08001098                EXTI4_IRQHandler
                0x08001098                TIM1_TRG_COM_TIM17_IRQHandler
                0x08001098                DMA1_Channel3_IRQHandler
                0x08001098                WWDG_IRQHandler
                0x08001098                EXTI1_IRQHandler
                0x08001098                RTCAlarm_IRQHandler
                0x08001098                USART2_IRQHandler
                0x08001098                DMA1_Channel2_IRQHandler
                0x08001098                FLASH_IRQHandler
                0x08001098                USART1_IRQHandler
                0x08001098                I2C1_ER_IRQHandler
                0x08001098                TIM1_BRK_TIM15_IRQHandler
 .text.batt_5_5
                0x0800109c       0x48 src\main.o
                0x0800109c                batt_5_5
 .text.batt_4_5
                0x080010e4       0x48 src\main.o
                0x080010e4                batt_4_5
 .text.batt_3_5
                0x0800112c       0x48 src\main.o
                0x0800112c                batt_3_5
 .text.batt_2_5
                0x08001174       0x48 src\main.o
                0x08001174                batt_2_5
 .text.batt_1_5
                0x080011bc       0x48 src\main.o
                0x080011bc                batt_1_5
 .text.batt_critical
                0x08001204       0x48 src\main.o
                0x08001204                batt_critical
 .text.TIM2_IRQHandler
                0x0800124c      0x1dc src\main.o
                0x0800124c                TIM2_IRQHandler
 .text.checkLegs
                0x08001428       0xcc src\main.o
                0x08001428                checkLegs
 .text.curveAdjust
                0x080014f4       0xa4 src\main.o
                0x080014f4                curveAdjust
 .text.init_Bluetooth
                0x08001598       0xb8 src\main.o
                0x08001598                init_Bluetooth
 .text.init_TIM2
                0x08001650       0x68 src\main.o
                0x08001650                init_TIM2
 .text.init_Clock
                0x080016b8       0x4c src\main.o
                0x080016b8                init_Clock
 *fill*         0x08001704        0x4 00
 .text.set_SupplyVoltage
                0x08001708      0x150 src\main.o
                0x08001708                set_SupplyVoltage
 .text.init_LED
                0x08001858       0x34 src\main.o
                0x08001858                init_LED
 .text.init_Servo
                0x0800188c       0x34 src\main.o
                0x0800188c                init_Servo
 .text.init_ADC
                0x080018c0       0xa8 src\main.o
                0x080018c0                init_ADC
 .text.delay_ms
                0x08001968       0x1c src\main.o
                0x08001968                delay_ms
 .text.connectionNotEstablished
                0x08001984       0x3c src\main.o
                0x08001984                connectionNotEstablished
 .text.checkIfConnectionLost
                0x080019c0       0x1c src\main.o
                0x080019c0                checkIfConnectionLost
 .text.connectionEstablishedMessage
                0x080019dc       0x80 src\main.o
                0x080019dc                connectionEstablishedMessage
 .text.checkConnection
                0x08001a5c       0x24 src\main.o
                0x08001a5c                checkConnection
 .text.legLift  0x08001a80      0x158 src\main.o
                0x08001a80                legLift
 .text.legTurn  0x08001bd8      0x1ac src\main.o
                0x08001bd8                legTurn
 .text.basePosition
                0x08001d84       0x6c src\main.o
                0x08001d84                basePosition
 .text.go       0x08001df0      0x100 src\main.o
                0x08001df0                go
 .text.checkBluetooth
                0x08001ef0      0x1b0 src\main.o
                0x08001ef0                checkBluetooth
 .text.checkBattery
                0x080020a0       0x8c src\main.o
                0x080020a0                checkBattery
 .text.startup.main
                0x0800212c       0x3c src\main.o
                0x0800212c                main
 .text.USART_Init
                0x08002168       0xb0 Libraries\STM32F10x_StdPeriph_Driver\src\stm32f10x_usart.o
                0x08002168                USART_Init
 .text.USART_Cmd
                0x08002218       0x18 Libraries\STM32F10x_StdPeriph_Driver\src\stm32f10x_usart.o
                0x08002218                USART_Cmd
 .text.USART_SendData
                0x08002230        0x8 Libraries\STM32F10x_StdPeriph_Driver\src\stm32f10x_usart.o
                0x08002230                USART_SendData
 .text.USART_ReceiveData
                0x08002238        0x8 Libraries\STM32F10x_StdPeriph_Driver\src\stm32f10x_usart.o
                0x08002238                USART_ReceiveData
 .text.USART_GetFlagStatus
                0x08002240        0xc Libraries\STM32F10x_StdPeriph_Driver\src\stm32f10x_usart.o
                0x08002240                USART_GetFlagStatus
 .text.USART_ClearFlag
                0x0800224c        0x8 Libraries\STM32F10x_StdPeriph_Driver\src\stm32f10x_usart.o
                0x0800224c                USART_ClearFlag
 .text.TIM_TimeBaseInit
                0x08002254       0x94 Libraries\STM32F10x_StdPeriph_Driver\src\stm32f10x_tim.o
                0x08002254                TIM_TimeBaseInit
 .text.TIM_Cmd  0x080022e8       0x18 Libraries\STM32F10x_StdPeriph_Driver\src\stm32f10x_tim.o
                0x080022e8                TIM_Cmd
 .text.TIM_ITConfig
                0x08002300       0x12 Libraries\STM32F10x_StdPeriph_Driver\src\stm32f10x_tim.o
                0x08002300                TIM_ITConfig
 .text.TIM_ClearFlag
                0x08002312        0x8 Libraries\STM32F10x_StdPeriph_Driver\src\stm32f10x_tim.o
                0x08002312                TIM_ClearFlag
 *fill*         0x0800231a        0x2 00
 .text.RCC_PLLConfig
                0x0800231c       0x14 Libraries\STM32F10x_StdPeriph_Driver\src\stm32f10x_rcc.o
                0x0800231c                RCC_PLLConfig
 .text.RCC_PLLCmd
                0x08002330        0xc Libraries\STM32F10x_StdPeriph_Driver\src\stm32f10x_rcc.o
                0x08002330                RCC_PLLCmd
 .text.RCC_SYSCLKConfig
                0x0800233c       0x14 Libraries\STM32F10x_StdPeriph_Driver\src\stm32f10x_rcc.o
                0x0800233c                RCC_SYSCLKConfig
 .text.RCC_GetSYSCLKSource
                0x08002350       0x10 Libraries\STM32F10x_StdPeriph_Driver\src\stm32f10x_rcc.o
                0x08002350                RCC_GetSYSCLKSource
 .text.RCC_HCLKConfig
                0x08002360       0x14 Libraries\STM32F10x_StdPeriph_Driver\src\stm32f10x_rcc.o
                0x08002360                RCC_HCLKConfig
 .text.RCC_PCLK1Config
                0x08002374       0x14 Libraries\STM32F10x_StdPeriph_Driver\src\stm32f10x_rcc.o
                0x08002374                RCC_PCLK1Config
 .text.RCC_PCLK2Config
                0x08002388       0x14 Libraries\STM32F10x_StdPeriph_Driver\src\stm32f10x_rcc.o
                0x08002388                RCC_PCLK2Config
 .text.RCC_ADCCLKConfig
                0x0800239c       0x14 Libraries\STM32F10x_StdPeriph_Driver\src\stm32f10x_rcc.o
                0x0800239c                RCC_ADCCLKConfig
 .text.RCC_GetClocksFreq
                0x080023b0       0x94 Libraries\STM32F10x_StdPeriph_Driver\src\stm32f10x_rcc.o
                0x080023b0                RCC_GetClocksFreq
 .text.RCC_APB2PeriphClockCmd
                0x08002444       0x18 Libraries\STM32F10x_StdPeriph_Driver\src\stm32f10x_rcc.o
                0x08002444                RCC_APB2PeriphClockCmd
 .text.RCC_APB1PeriphClockCmd
                0x0800245c       0x18 Libraries\STM32F10x_StdPeriph_Driver\src\stm32f10x_rcc.o
                0x0800245c                RCC_APB1PeriphClockCmd
 .text.RCC_GetFlagStatus
                0x08002474       0x28 Libraries\STM32F10x_StdPeriph_Driver\src\stm32f10x_rcc.o
                0x08002474                RCC_GetFlagStatus
 .text.GPIO_Init
                0x0800249c       0xa0 Libraries\STM32F10x_StdPeriph_Driver\src\stm32f10x_gpio.o
                0x0800249c                GPIO_Init
 .text.GPIO_StructInit
                0x0800253c       0x10 Libraries\STM32F10x_StdPeriph_Driver\src\stm32f10x_gpio.o
                0x0800253c                GPIO_StructInit
 .text.GPIO_ReadInputDataBit
                0x0800254c        0xc Libraries\STM32F10x_StdPeriph_Driver\src\stm32f10x_gpio.o
                0x0800254c                GPIO_ReadInputDataBit
 .text.GPIO_SetBits
                0x08002558        0x4 Libraries\STM32F10x_StdPeriph_Driver\src\stm32f10x_gpio.o
                0x08002558                GPIO_SetBits
 .text.GPIO_ResetBits
                0x0800255c        0x4 Libraries\STM32F10x_StdPeriph_Driver\src\stm32f10x_gpio.o
                0x0800255c                GPIO_ResetBits
 .text.GPIO_WriteBit
                0x08002560        0xa Libraries\STM32F10x_StdPeriph_Driver\src\stm32f10x_gpio.o
                0x08002560                GPIO_WriteBit
 *fill*         0x0800256a        0x2 00
 .text.FLASH_SetLatency
                0x0800256c       0x14 Libraries\STM32F10x_StdPeriph_Driver\src\stm32f10x_flash.o
                0x0800256c                FLASH_SetLatency
 .text.FLASH_PrefetchBufferCmd
                0x08002580       0x18 Libraries\STM32F10x_StdPeriph_Driver\src\stm32f10x_flash.o
                0x08002580                FLASH_PrefetchBufferCmd
 .text.ADC_Init
                0x08002598       0x48 Libraries\STM32F10x_StdPeriph_Driver\src\stm32f10x_adc.o
                0x08002598                ADC_Init
 .text.ADC_Cmd  0x080025e0       0x12 Libraries\STM32F10x_StdPeriph_Driver\src\stm32f10x_adc.o
                0x080025e0                ADC_Cmd
 .text.ADC_ResetCalibration
                0x080025f2        0xa Libraries\STM32F10x_StdPeriph_Driver\src\stm32f10x_adc.o
                0x080025f2                ADC_ResetCalibration
 .text.ADC_GetResetCalibrationStatus
                0x080025fc        0x8 Libraries\STM32F10x_StdPeriph_Driver\src\stm32f10x_adc.o
                0x080025fc                ADC_GetResetCalibrationStatus
 .text.ADC_StartCalibration
                0x08002604        0xa Libraries\STM32F10x_StdPeriph_Driver\src\stm32f10x_adc.o
                0x08002604                ADC_StartCalibration
 .text.ADC_GetCalibrationStatus
                0x0800260e        0x8 Libraries\STM32F10x_StdPeriph_Driver\src\stm32f10x_adc.o
                0x0800260e                ADC_GetCalibrationStatus
 .text.ADC_SoftwareStartConvCmd
                0x08002616       0x12 Libraries\STM32F10x_StdPeriph_Driver\src\stm32f10x_adc.o
                0x08002616                ADC_SoftwareStartConvCmd
 .text.ADC_RegularChannelConfig
                0x08002628       0x9a Libraries\STM32F10x_StdPeriph_Driver\src\stm32f10x_adc.o
                0x08002628                ADC_RegularChannelConfig
 *fill*         0x080026c2        0x2 00
 .text.NVIC_Init
                0x080026c4       0x68 Libraries\STM32F10x_StdPeriph_Driver\src\misc.o
                0x080026c4                NVIC_Init
 .text.__libc_init_array
                0x0800272c       0x4c d:/program files (x86)/truestudio for arm lite 5.0.0/armtools/bin/../lib/gcc/arm-atollic-eabi/4.7.3/../../../../arm-atollic-eabi/lib/armv7-m\libc_s.a(lib_a-init.o)
                0x0800272c                __libc_init_array
 *(.glue_7)
 .glue_7        0x00000000        0x0 linker stubs
 *(.glue_7t)
 .glue_7t       0x00000000        0x0 linker stubs
 *(.eh_frame)
 .eh_frame      0x08002778        0x0 d:/program files (x86)/truestudio for arm lite 5.0.0/armtools/bin/../lib/gcc/arm-atollic-eabi/4.7.3/armv7-m/crtbegin.o
 *(.init)
 .init          0x08002778        0x4 d:/program files (x86)/truestudio for arm lite 5.0.0/armtools/bin/../lib/gcc/arm-atollic-eabi/4.7.3/armv7-m/crti.o
                0x08002778                _init
 .init          0x0800277c        0x8 d:/program files (x86)/truestudio for arm lite 5.0.0/armtools/bin/../lib/gcc/arm-atollic-eabi/4.7.3/armv7-m/crtn.o
 *(.fini)
 .fini          0x08002784        0x4 d:/program files (x86)/truestudio for arm lite 5.0.0/armtools/bin/../lib/gcc/arm-atollic-eabi/4.7.3/armv7-m/crti.o
                0x08002784                _fini
 .fini          0x08002788        0x8 d:/program files (x86)/truestudio for arm lite 5.0.0/armtools/bin/../lib/gcc/arm-atollic-eabi/4.7.3/armv7-m/crtn.o
                0x08002790                . = ALIGN (0x4)
                0x08002790                _etext = .

.vfp11_veneer   0x08002790        0x0
 .vfp11_veneer  0x00000000        0x0 linker stubs

.v4_bx          0x08002790        0x0
 .v4_bx         0x00000000        0x0 linker stubs

.iplt           0x08002790        0x0
 .iplt          0x00000000        0x0 d:/program files (x86)/truestudio for arm lite 5.0.0/armtools/bin/../lib/gcc/arm-atollic-eabi/4.7.3/armv7-m/crtbegin.o

.rel.dyn        0x08002790        0x0
 .rel.iplt      0x00000000        0x0 d:/program files (x86)/truestudio for arm lite 5.0.0/armtools/bin/../lib/gcc/arm-atollic-eabi/4.7.3/armv7-m/crtbegin.o

.rodata         0x08002790        0x0
                0x08002790                . = ALIGN (0x4)
 *(.rodata)
 *(.rodata*)
                0x08002790                . = ALIGN (0x4)

.ARM.extab
 *(.ARM.extab* .gnu.linkonce.armextab.*)

.ARM            0x08002790        0x0
                0x08002790                __exidx_start = .
 *(.ARM.exidx*)
                0x08002790                __exidx_end = .

.preinit_array  0x08002790        0x0
                0x08002790                PROVIDE (__preinit_array_start, .)
 *(.preinit_array*)
                0x08002790                PROVIDE (__preinit_array_end, .)

.init_array     0x08002790        0x4
                0x08002790                PROVIDE (__init_array_start, .)
 *(SORT(.init_array.*))
 *(.init_array*)
 .init_array    0x08002790        0x4 d:/program files (x86)/truestudio for arm lite 5.0.0/armtools/bin/../lib/gcc/arm-atollic-eabi/4.7.3/armv7-m/crtbegin.o
                0x08002794                PROVIDE (__init_array_end, .)

.fini_array     0x08002794        0x4
                0x08002794                PROVIDE (__fini_array_start, .)
 *(SORT(.fini_array.*))
 *(.fini_array*)
 .fini_array    0x08002794        0x4 d:/program files (x86)/truestudio for arm lite 5.0.0/armtools/bin/../lib/gcc/arm-atollic-eabi/4.7.3/armv7-m/crtbegin.o
                0x08002798                PROVIDE (__fini_array_end, .)
                0x08002798                _sidata = LOADADDR (.data)

.data           0x20000000       0x44 load address 0x08002798
                0x20000000                . = ALIGN (0x4)
                0x20000000                _sdata = .
 *(.data)
 *(.data*)
 .data.Leg4Turn
                0x20000000        0x4 src\main.o
                0x20000000                Leg4Turn
 .data.Leg5Lift
                0x20000004        0x4 src\main.o
                0x20000004                Leg5Lift
 .data.Leg1Turn
                0x20000008        0x4 src\main.o
                0x20000008                Leg1Turn
 .data.Leg6Lift
                0x2000000c        0x4 src\main.o
                0x2000000c                Leg6Lift
 .data.Leg2Turn
                0x20000010        0x4 src\main.o
                0x20000010                Leg2Turn
 .data.Leg3Turn
                0x20000014        0x4 src\main.o
                0x20000014                Leg3Turn
 .data.Leg1Lift
                0x20000018        0x4 src\main.o
                0x20000018                Leg1Lift
 .data.Leg2Lift
                0x2000001c        0x4 src\main.o
                0x2000001c                Leg2Lift
 .data.Leg3Lift
                0x20000020        0x4 src\main.o
                0x20000020                Leg3Lift
 .data.Leg5Turn
                0x20000024        0x4 src\main.o
                0x20000024                Leg5Turn
 .data.Leg6Turn
                0x20000028        0x4 src\main.o
                0x20000028                Leg6Turn
 .data.Leg4Lift
                0x2000002c        0x4 src\main.o
                0x2000002c                Leg4Lift
 .data.ADCPrescTable
                0x20000030        0x4 Libraries\STM32F10x_StdPeriph_Driver\src\stm32f10x_rcc.o
 .data.APBAHBPrescTable
                0x20000034       0x10 Libraries\STM32F10x_StdPeriph_Driver\src\stm32f10x_rcc.o
                0x20000044                . = ALIGN (0x4)
                0x20000044                _edata = .

.jcr            0x20000044        0x0 load address 0x080027dc
 .jcr           0x20000044        0x0 d:/program files (x86)/truestudio for arm lite 5.0.0/armtools/bin/../lib/gcc/arm-atollic-eabi/4.7.3/armv7-m/crtbegin.o

.igot.plt       0x20000044        0x0 load address 0x080027dc
 .igot.plt      0x00000000        0x0 d:/program files (x86)/truestudio for arm lite 5.0.0/armtools/bin/../lib/gcc/arm-atollic-eabi/4.7.3/armv7-m/crtbegin.o
                0x20000044                . = ALIGN (0x4)

.bss            0x20000044       0x44 load address 0x080027dc
                0x20000044                _sbss = .
                0x20000044                __bss_start__ = _sbss
 *(.bss)
 .bss           0x20000044       0x1c d:/program files (x86)/truestudio for arm lite 5.0.0/armtools/bin/../lib/gcc/arm-atollic-eabi/4.7.3/armv7-m/crtbegin.o
 *(.bss*)
 .bss.Step      0x20000060        0x4 src\main.o
                0x20000060                Step
 .bss.PowerON   0x20000064        0x1 src\main.o
                0x20000064                PowerON
 *fill*         0x20000065        0x3 00
 .bss.ConnectionEstablished
                0x20000068        0x4 src\main.o
                0x20000068                ConnectionEstablished
 .bss.Counter   0x2000006c        0x4 src\main.o
                0x2000006c                Counter
 .bss.BatteryDischarged
                0x20000070        0x1 src\main.o
                0x20000070                BatteryDischarged
 *(COMMON)
 *fill*         0x20000071        0x3 00
 COMMON         0x20000074       0x14 src\main.o
                0x20000074                Batt_3_5_value
                0x20000078                Batt_2_5_value
                0x2000007c                Batt_1_5_value
                0x20000080                Batt_critical_value
                0x20000084                Batt_4_5_value
                0x20000088                . = ALIGN (0x4)
                0x20000088                _ebss = .
                0x20000088                __bss_end__ = _ebss

._user_heap_stack
                0x20000088       0x80 load address 0x080027dc
                0x20000088                . = ALIGN (0x4)
                0x20000088                PROVIDE (end, .)
                0x20000088                PROVIDE (_end, .)
                0x20000088                . = (. + _Min_Heap_Size)
                0x20000108                . = (. + _Min_Stack_Size)
 *fill*         0x20000088       0x80 00
                0x20000108                . = ALIGN (0x4)

.memory_b1_text
 *(.mb1text)
 *(.mb1text*)
 *(.mb1rodata)
 *(.mb1rodata*)

/DISCARD/
 libc.a(*)
 libm.a(*)
 libgcc.a(*)

.ARM.attributes
                0x00000000       0x29
 *(.ARM.attributes)
 .ARM.attributes
                0x00000000       0x1d d:/program files (x86)/truestudio for arm lite 5.0.0/armtools/bin/../lib/gcc/arm-atollic-eabi/4.7.3/armv7-m/crti.o
 .ARM.attributes
                0x0000001d       0x2d d:/program files (x86)/truestudio for arm lite 5.0.0/armtools/bin/../lib/gcc/arm-atollic-eabi/4.7.3/armv7-m/crtbegin.o
 .ARM.attributes
                0x0000004a       0x33 src\system_stm32f10x.o
 .ARM.attributes
                0x0000007d       0x33 src\stm32f1xx_it.o
 .ARM.attributes
                0x000000b0       0x21 src\startup_stm32f10x_ld_vl.o
 .ARM.attributes
                0x000000d1       0x33 src\main.o
 .ARM.attributes
                0x00000104       0x33 Libraries\STM32F10x_StdPeriph_Driver\src\stm32f10x_usart.o
 .ARM.attributes
                0x00000137       0x33 Libraries\STM32F10x_StdPeriph_Driver\src\stm32f10x_tim.o
 .ARM.attributes
                0x0000016a       0x33 Libraries\STM32F10x_StdPeriph_Driver\src\stm32f10x_rcc.o
 .ARM.attributes
                0x0000019d       0x33 Libraries\STM32F10x_StdPeriph_Driver\src\stm32f10x_gpio.o
 .ARM.attributes
                0x000001d0       0x33 Libraries\STM32F10x_StdPeriph_Driver\src\stm32f10x_flash.o
 .ARM.attributes
                0x00000203       0x33 Libraries\STM32F10x_StdPeriph_Driver\src\stm32f10x_adc.o
 .ARM.attributes
                0x00000236       0x33 Libraries\STM32F10x_StdPeriph_Driver\src\misc.o
 .ARM.attributes
                0x00000269       0x2d d:/program files (x86)/truestudio for arm lite 5.0.0/armtools/bin/../lib/gcc/arm-atollic-eabi/4.7.3/../../../../arm-atollic-eabi/lib/armv7-m\libc_s.a(lib_a-init.o)
 .ARM.attributes
                0x00000296       0x1d d:/program files (x86)/truestudio for arm lite 5.0.0/armtools/bin/../lib/gcc/arm-atollic-eabi/4.7.3/armv7-m\libgcc.a(_arm_addsubdf3.o)
 .ARM.attributes
                0x000002b3       0x1d d:/program files (x86)/truestudio for arm lite 5.0.0/armtools/bin/../lib/gcc/arm-atollic-eabi/4.7.3/armv7-m\libgcc.a(_arm_muldivdf3.o)
 .ARM.attributes
                0x000002d0       0x1d d:/program files (x86)/truestudio for arm lite 5.0.0/armtools/bin/../lib/gcc/arm-atollic-eabi/4.7.3/armv7-m\libgcc.a(_arm_fixunsdfsi.o)
 .ARM.attributes
                0x000002ed       0x1d d:/program files (x86)/truestudio for arm lite 5.0.0/armtools/bin/../lib/gcc/arm-atollic-eabi/4.7.3/armv7-m\libgcc.a(_arm_truncdfsf2.o)
 .ARM.attributes
                0x0000030a       0x1d d:/program files (x86)/truestudio for arm lite 5.0.0/armtools/bin/../lib/gcc/arm-atollic-eabi/4.7.3/armv7-m\libgcc.a(_arm_addsubsf3.o)
 .ARM.attributes
                0x00000327       0x1d d:/program files (x86)/truestudio for arm lite 5.0.0/armtools/bin/../lib/gcc/arm-atollic-eabi/4.7.3/armv7-m\libgcc.a(_arm_muldivsf3.o)
 .ARM.attributes
                0x00000344       0x1d d:/program files (x86)/truestudio for arm lite 5.0.0/armtools/bin/../lib/gcc/arm-atollic-eabi/4.7.3/armv7-m/crtn.o
OUTPUT(Hexapod.elf elf32-littlearm)

.comment        0x00000000       0x83
 .comment       0x00000000       0x83 src\system_stm32f10x.o
                                 0x84 (size before relaxing)
 .comment       0x00000000       0x84 src\stm32f1xx_it.o
 .comment       0x00000000       0x84 src\main.o
 .comment       0x00000000       0x84 Libraries\STM32F10x_StdPeriph_Driver\src\stm32f10x_usart.o
 .comment       0x00000000       0x84 Libraries\STM32F10x_StdPeriph_Driver\src\stm32f10x_tim.o
 .comment       0x00000000       0x84 Libraries\STM32F10x_StdPeriph_Driver\src\stm32f10x_rcc.o
 .comment       0x00000000       0x84 Libraries\STM32F10x_StdPeriph_Driver\src\stm32f10x_gpio.o
 .comment       0x00000000       0x84 Libraries\STM32F10x_StdPeriph_Driver\src\stm32f10x_flash.o
 .comment       0x00000000       0x84 Libraries\STM32F10x_StdPeriph_Driver\src\stm32f10x_adc.o
 .comment       0x00000000       0x84 Libraries\STM32F10x_StdPeriph_Driver\src\misc.o

.debug_frame    0x00000000       0x2c
 .debug_frame   0x00000000       0x2c d:/program files (x86)/truestudio for arm lite 5.0.0/armtools/bin/../lib/gcc/arm-atollic-eabi/4.7.3/../../../../arm-atollic-eabi/lib/armv7-m\libc_s.a(lib_a-init.o)

Cross Reference Table

Symbol                                            File
ADC1_IRQHandler                                   src\startup_stm32f10x_ld_vl.o
ADC_AnalogWatchdogCmd                             Libraries\STM32F10x_StdPeriph_Driver\src\stm32f10x_adc.o
ADC_AnalogWatchdogSingleChannelConfig             Libraries\STM32F10x_StdPeriph_Driver\src\stm32f10x_adc.o
ADC_AnalogWatchdogThresholdsConfig                Libraries\STM32F10x_StdPeriph_Driver\src\stm32f10x_adc.o
ADC_AutoInjectedConvCmd                           Libraries\STM32F10x_StdPeriph_Driver\src\stm32f10x_adc.o
ADC_ClearFlag                                     Libraries\STM32F10x_StdPeriph_Driver\src\stm32f10x_adc.o
ADC_ClearITPendingBit                             Libraries\STM32F10x_StdPeriph_Driver\src\stm32f10x_adc.o
ADC_Cmd                                           Libraries\STM32F10x_StdPeriph_Driver\src\stm32f10x_adc.o
                                                  src\main.o
ADC_DMACmd                                        Libraries\STM32F10x_StdPeriph_Driver\src\stm32f10x_adc.o
ADC_DeInit                                        Libraries\STM32F10x_StdPeriph_Driver\src\stm32f10x_adc.o
ADC_DiscModeChannelCountConfig                    Libraries\STM32F10x_StdPeriph_Driver\src\stm32f10x_adc.o
ADC_DiscModeCmd                                   Libraries\STM32F10x_StdPeriph_Driver\src\stm32f10x_adc.o
ADC_ExternalTrigConvCmd                           Libraries\STM32F10x_StdPeriph_Driver\src\stm32f10x_adc.o
ADC_ExternalTrigInjectedConvCmd                   Libraries\STM32F10x_StdPeriph_Driver\src\stm32f10x_adc.o
ADC_ExternalTrigInjectedConvConfig                Libraries\STM32F10x_StdPeriph_Driver\src\stm32f10x_adc.o
ADC_GetCalibrationStatus                          Libraries\STM32F10x_StdPeriph_Driver\src\stm32f10x_adc.o
                                                  src\main.o
ADC_GetConversionValue                            Libraries\STM32F10x_StdPeriph_Driver\src\stm32f10x_adc.o
ADC_GetDualModeConversionValue                    Libraries\STM32F10x_StdPeriph_Driver\src\stm32f10x_adc.o
ADC_GetFlagStatus                                 Libraries\STM32F10x_StdPeriph_Driver\src\stm32f10x_adc.o
ADC_GetITStatus                                   Libraries\STM32F10x_StdPeriph_Driver\src\stm32f10x_adc.o
ADC_GetInjectedConversionValue                    Libraries\STM32F10x_StdPeriph_Driver\src\stm32f10x_adc.o
ADC_GetResetCalibrationStatus                     Libraries\STM32F10x_StdPeriph_Driver\src\stm32f10x_adc.o
                                                  src\main.o
ADC_GetSoftwareStartConvStatus                    Libraries\STM32F10x_StdPeriph_Driver\src\stm32f10x_adc.o
ADC_GetSoftwareStartInjectedConvCmdStatus         Libraries\STM32F10x_StdPeriph_Driver\src\stm32f10x_adc.o
ADC_ITConfig                                      Libraries\STM32F10x_StdPeriph_Driver\src\stm32f10x_adc.o
ADC_Init                                          Libraries\STM32F10x_StdPeriph_Driver\src\stm32f10x_adc.o
                                                  src\main.o
ADC_InjectedChannelConfig                         Libraries\STM32F10x_StdPeriph_Driver\src\stm32f10x_adc.o
ADC_InjectedDiscModeCmd                           Libraries\STM32F10x_StdPeriph_Driver\src\stm32f10x_adc.o
ADC_InjectedSequencerLengthConfig                 Libraries\STM32F10x_StdPeriph_Driver\src\stm32f10x_adc.o
ADC_RegularChannelConfig                          Libraries\STM32F10x_StdPeriph_Driver\src\stm32f10x_adc.o
                                                  src\main.o
ADC_ResetCalibration                              Libraries\STM32F10x_StdPeriph_Driver\src\stm32f10x_adc.o
                                                  src\main.o
ADC_SetInjectedOffset                             Libraries\STM32F10x_StdPeriph_Driver\src\stm32f10x_adc.o
ADC_SoftwareStartConvCmd                          Libraries\STM32F10x_StdPeriph_Driver\src\stm32f10x_adc.o
                                                  src\main.o
ADC_SoftwareStartInjectedConvCmd                  Libraries\STM32F10x_StdPeriph_Driver\src\stm32f10x_adc.o
ADC_StartCalibration                              Libraries\STM32F10x_StdPeriph_Driver\src\stm32f10x_adc.o
                                                  src\main.o
ADC_StructInit                                    Libraries\STM32F10x_StdPeriph_Driver\src\stm32f10x_adc.o
ADC_TempSensorVrefintCmd                          Libraries\STM32F10x_StdPeriph_Driver\src\stm32f10x_adc.o
AHBPrescTable                                     src\system_stm32f10x.o
BKP_ClearFlag                                     Libraries\STM32F10x_StdPeriph_Driver\src\stm32f10x_bkp.o
BKP_ClearITPendingBit                             Libraries\STM32F10x_StdPeriph_Driver\src\stm32f10x_bkp.o
BKP_DeInit                                        Libraries\STM32F10x_StdPeriph_Driver\src\stm32f10x_bkp.o
BKP_GetFlagStatus                                 Libraries\STM32F10x_StdPeriph_Driver\src\stm32f10x_bkp.o
BKP_GetITStatus                                   Libraries\STM32F10x_StdPeriph_Driver\src\stm32f10x_bkp.o
BKP_ITConfig                                      Libraries\STM32F10x_StdPeriph_Driver\src\stm32f10x_bkp.o
BKP_RTCOutputConfig                               Libraries\STM32F10x_StdPeriph_Driver\src\stm32f10x_bkp.o
BKP_ReadBackupRegister                            Libraries\STM32F10x_StdPeriph_Driver\src\stm32f10x_bkp.o
BKP_SetRTCCalibrationValue                        Libraries\STM32F10x_StdPeriph_Driver\src\stm32f10x_bkp.o
BKP_TamperPinCmd                                  Libraries\STM32F10x_StdPeriph_Driver\src\stm32f10x_bkp.o
BKP_TamperPinLevelConfig                          Libraries\STM32F10x_StdPeriph_Driver\src\stm32f10x_bkp.o
BKP_WriteBackupRegister                           Libraries\STM32F10x_StdPeriph_Driver\src\stm32f10x_bkp.o
Batt_1_5_value                                    src\main.o
Batt_2_5_value                                    src\main.o
Batt_3_5_value                                    src\main.o
Batt_4_5_value                                    src\main.o
Batt_critical_value                               src\main.o
BatteryDischarged                                 src\main.o
BusFault_Handler                                  src\stm32f1xx_it.o
CAN_CancelTransmit                                Libraries\STM32F10x_StdPeriph_Driver\src\stm32f10x_can.o
CAN_ClearFlag                                     Libraries\STM32F10x_StdPeriph_Driver\src\stm32f10x_can.o
CAN_ClearITPendingBit                             Libraries\STM32F10x_StdPeriph_Driver\src\stm32f10x_can.o
CAN_DBGFreeze                                     Libraries\STM32F10x_StdPeriph_Driver\src\stm32f10x_can.o
CAN_DeInit                                        Libraries\STM32F10x_StdPeriph_Driver\src\stm32f10x_can.o
CAN_FIFORelease                                   Libraries\STM32F10x_StdPeriph_Driver\src\stm32f10x_can.o
CAN_FilterInit                                    Libraries\STM32F10x_StdPeriph_Driver\src\stm32f10x_can.o
CAN_GetFlagStatus                                 Libraries\STM32F10x_StdPeriph_Driver\src\stm32f10x_can.o
CAN_GetITStatus                                   Libraries\STM32F10x_StdPeriph_Driver\src\stm32f10x_can.o
CAN_GetLSBTransmitErrorCounter                    Libraries\STM32F10x_StdPeriph_Driver\src\stm32f10x_can.o
CAN_GetLastErrorCode                              Libraries\STM32F10x_StdPeriph_Driver\src\stm32f10x_can.o
CAN_GetReceiveErrorCounter                        Libraries\STM32F10x_StdPeriph_Driver\src\stm32f10x_can.o
CAN_ITConfig                                      Libraries\STM32F10x_StdPeriph_Driver\src\stm32f10x_can.o
CAN_Init                                          Libraries\STM32F10x_StdPeriph_Driver\src\stm32f10x_can.o
CAN_MessagePending                                Libraries\STM32F10x_StdPeriph_Driver\src\stm32f10x_can.o
CAN_OperatingModeRequest                          Libraries\STM32F10x_StdPeriph_Driver\src\stm32f10x_can.o
CAN_Receive                                       Libraries\STM32F10x_StdPeriph_Driver\src\stm32f10x_can.o
CAN_SlaveStartBank                                Libraries\STM32F10x_StdPeriph_Driver\src\stm32f10x_can.o
CAN_Sleep                                         Libraries\STM32F10x_StdPeriph_Driver\src\stm32f10x_can.o
CAN_StructInit                                    Libraries\STM32F10x_StdPeriph_Driver\src\stm32f10x_can.o
CAN_TTComModeCmd                                  Libraries\STM32F10x_StdPeriph_Driver\src\stm32f10x_can.o
CAN_Transmit                                      Libraries\STM32F10x_StdPeriph_Driver\src\stm32f10x_can.o
CAN_TransmitStatus                                Libraries\STM32F10x_StdPeriph_Driver\src\stm32f10x_can.o
CAN_WakeUp                                        Libraries\STM32F10x_StdPeriph_Driver\src\stm32f10x_can.o
CEC_ClearFlag                                     Libraries\STM32F10x_StdPeriph_Driver\src\stm32f10x_cec.o
CEC_ClearITPendingBit                             Libraries\STM32F10x_StdPeriph_Driver\src\stm32f10x_cec.o
CEC_Cmd                                           Libraries\STM32F10x_StdPeriph_Driver\src\stm32f10x_cec.o
CEC_DeInit                                        Libraries\STM32F10x_StdPeriph_Driver\src\stm32f10x_cec.o
CEC_EndOfMessageCmd                               Libraries\STM32F10x_StdPeriph_Driver\src\stm32f10x_cec.o
CEC_GetFlagStatus                                 Libraries\STM32F10x_StdPeriph_Driver\src\stm32f10x_cec.o
CEC_GetITStatus                                   Libraries\STM32F10x_StdPeriph_Driver\src\stm32f10x_cec.o
CEC_IRQHandler                                    src\startup_stm32f10x_ld_vl.o
CEC_ITConfig                                      Libraries\STM32F10x_StdPeriph_Driver\src\stm32f10x_cec.o
CEC_Init                                          Libraries\STM32F10x_StdPeriph_Driver\src\stm32f10x_cec.o
CEC_OwnAddressConfig                              Libraries\STM32F10x_StdPeriph_Driver\src\stm32f10x_cec.o
CEC_ReceiveDataByte                               Libraries\STM32F10x_StdPeriph_Driver\src\stm32f10x_cec.o
CEC_SendDataByte                                  Libraries\STM32F10x_StdPeriph_Driver\src\stm32f10x_cec.o
CEC_SetPrescaler                                  Libraries\STM32F10x_StdPeriph_Driver\src\stm32f10x_cec.o
CEC_StartOfMessage                                Libraries\STM32F10x_StdPeriph_Driver\src\stm32f10x_cec.o
CRC_CalcBlockCRC                                  Libraries\STM32F10x_StdPeriph_Driver\src\stm32f10x_crc.o
CRC_CalcCRC                                       Libraries\STM32F10x_StdPeriph_Driver\src\stm32f10x_crc.o
CRC_GetCRC                                        Libraries\STM32F10x_StdPeriph_Driver\src\stm32f10x_crc.o
CRC_GetIDRegister                                 Libraries\STM32F10x_StdPeriph_Driver\src\stm32f10x_crc.o
CRC_ResetDR                                       Libraries\STM32F10x_StdPeriph_Driver\src\stm32f10x_crc.o
CRC_SetIDRegister                                 Libraries\STM32F10x_StdPeriph_Driver\src\stm32f10x_crc.o
ConnectionEstablished                             src\main.o
Counter                                           src\main.o
DAC_ClearFlag                                     Libraries\STM32F10x_StdPeriph_Driver\src\stm32f10x_dac.o
DAC_ClearITPendingBit                             Libraries\STM32F10x_StdPeriph_Driver\src\stm32f10x_dac.o
DAC_Cmd                                           Libraries\STM32F10x_StdPeriph_Driver\src\stm32f10x_dac.o
DAC_DMACmd                                        Libraries\STM32F10x_StdPeriph_Driver\src\stm32f10x_dac.o
DAC_DeInit                                        Libraries\STM32F10x_StdPeriph_Driver\src\stm32f10x_dac.o
DAC_DualSoftwareTriggerCmd                        Libraries\STM32F10x_StdPeriph_Driver\src\stm32f10x_dac.o
DAC_GetDataOutputValue                            Libraries\STM32F10x_StdPeriph_Driver\src\stm32f10x_dac.o
DAC_GetFlagStatus                                 Libraries\STM32F10x_StdPeriph_Driver\src\stm32f10x_dac.o
DAC_GetITStatus                                   Libraries\STM32F10x_StdPeriph_Driver\src\stm32f10x_dac.o
DAC_ITConfig                                      Libraries\STM32F10x_StdPeriph_Driver\src\stm32f10x_dac.o
DAC_Init                                          Libraries\STM32F10x_StdPeriph_Driver\src\stm32f10x_dac.o
DAC_SetChannel1Data                               Libraries\STM32F10x_StdPeriph_Driver\src\stm32f10x_dac.o
DAC_SetChannel2Data                               Libraries\STM32F10x_StdPeriph_Driver\src\stm32f10x_dac.o
DAC_SetDualChannelData                            Libraries\STM32F10x_StdPeriph_Driver\src\stm32f10x_dac.o
DAC_SoftwareTriggerCmd                            Libraries\STM32F10x_StdPeriph_Driver\src\stm32f10x_dac.o
DAC_StructInit                                    Libraries\STM32F10x_StdPeriph_Driver\src\stm32f10x_dac.o
DAC_WaveGenerationCmd                             Libraries\STM32F10x_StdPeriph_Driver\src\stm32f10x_dac.o
DBGMCU_Config                                     Libraries\STM32F10x_StdPeriph_Driver\src\stm32f10x_dbgmcu.o
DBGMCU_GetDEVID                                   Libraries\STM32F10x_StdPeriph_Driver\src\stm32f10x_dbgmcu.o
DBGMCU_GetREVID                                   Libraries\STM32F10x_StdPeriph_Driver\src\stm32f10x_dbgmcu.o
DMA1_Channel1_IRQHandler                          src\startup_stm32f10x_ld_vl.o
DMA1_Channel2_IRQHandler                          src\startup_stm32f10x_ld_vl.o
DMA1_Channel3_IRQHandler                          src\startup_stm32f10x_ld_vl.o
DMA1_Channel4_IRQHandler                          src\startup_stm32f10x_ld_vl.o
DMA1_Channel5_IRQHandler                          src\startup_stm32f10x_ld_vl.o
DMA1_Channel6_IRQHandler                          src\startup_stm32f10x_ld_vl.o
DMA1_Channel7_IRQHandler                          src\startup_stm32f10x_ld_vl.o
DMA_ClearFlag                                     Libraries\STM32F10x_StdPeriph_Driver\src\stm32f10x_dma.o
DMA_ClearITPendingBit                             Libraries\STM32F10x_StdPeriph_Driver\src\stm32f10x_dma.o
DMA_Cmd                                           Libraries\STM32F10x_StdPeriph_Driver\src\stm32f10x_dma.o
DMA_DeInit                                        Libraries\STM32F10x_StdPeriph_Driver\src\stm32f10x_dma.o
DMA_GetCurrDataCounter                            Libraries\STM32F10x_StdPeriph_Driver\src\stm32f10x_dma.o
DMA_GetFlagStatus                                 Libraries\STM32F10x_StdPeriph_Driver\src\stm32f10x_dma.o
DMA_GetITStatus                                   Libraries\STM32F10x_StdPeriph_Driver\src\stm32f10x_dma.o
DMA_ITConfig                                      Libraries\STM32F10x_StdPeriph_Driver\src\stm32f10x_dma.o
DMA_Init                                          Libraries\STM32F10x_StdPeriph_Driver\src\stm32f10x_dma.o
DMA_SetCurrDataCounter                            Libraries\STM32F10x_StdPeriph_Driver\src\stm32f10x_dma.o
DMA_StructInit                                    Libraries\STM32F10x_StdPeriph_Driver\src\stm32f10x_dma.o
DebugMon_Handler                                  src\stm32f1xx_it.o
Default_Handler                                   src\startup_stm32f10x_ld_vl.o
EXTI0_IRQHandler                                  src\startup_stm32f10x_ld_vl.o
EXTI15_10_IRQHandler                              src\startup_stm32f10x_ld_vl.o
EXTI1_IRQHandler                                  src\startup_stm32f10x_ld_vl.o
EXTI2_IRQHandler                                  src\startup_stm32f10x_ld_vl.o
EXTI3_IRQHandler                                  src\startup_stm32f10x_ld_vl.o
EXTI4_IRQHandler                                  src\startup_stm32f10x_ld_vl.o
EXTI9_5_IRQHandler                                src\startup_stm32f10x_ld_vl.o
EXTI_ClearFlag                                    Libraries\STM32F10x_StdPeriph_Driver\src\stm32f10x_exti.o
EXTI_ClearITPendingBit                            Libraries\STM32F10x_StdPeriph_Driver\src\stm32f10x_exti.o
EXTI_DeInit                                       Libraries\STM32F10x_StdPeriph_Driver\src\stm32f10x_exti.o
EXTI_GenerateSWInterrupt                          Libraries\STM32F10x_StdPeriph_Driver\src\stm32f10x_exti.o
EXTI_GetFlagStatus                                Libraries\STM32F10x_StdPeriph_Driver\src\stm32f10x_exti.o
EXTI_GetITStatus                                  Libraries\STM32F10x_StdPeriph_Driver\src\stm32f10x_exti.o
EXTI_Init                                         Libraries\STM32F10x_StdPeriph_Driver\src\stm32f10x_exti.o
EXTI_StructInit                                   Libraries\STM32F10x_StdPeriph_Driver\src\stm32f10x_exti.o
FLASH_ClearFlag                                   Libraries\STM32F10x_StdPeriph_Driver\src\stm32f10x_flash.o
FLASH_EnableWriteProtection                       Libraries\STM32F10x_StdPeriph_Driver\src\stm32f10x_flash.o
FLASH_EraseAllBank1Pages                          Libraries\STM32F10x_StdPeriph_Driver\src\stm32f10x_flash.o
FLASH_EraseAllPages                               Libraries\STM32F10x_StdPeriph_Driver\src\stm32f10x_flash.o
FLASH_EraseOptionBytes                            Libraries\STM32F10x_StdPeriph_Driver\src\stm32f10x_flash.o
FLASH_ErasePage                                   Libraries\STM32F10x_StdPeriph_Driver\src\stm32f10x_flash.o
FLASH_GetBank1Status                              Libraries\STM32F10x_StdPeriph_Driver\src\stm32f10x_flash.o
FLASH_GetFlagStatus                               Libraries\STM32F10x_StdPeriph_Driver\src\stm32f10x_flash.o
FLASH_GetPrefetchBufferStatus                     Libraries\STM32F10x_StdPeriph_Driver\src\stm32f10x_flash.o
FLASH_GetReadOutProtectionStatus                  Libraries\STM32F10x_StdPeriph_Driver\src\stm32f10x_flash.o
FLASH_GetStatus                                   Libraries\STM32F10x_StdPeriph_Driver\src\stm32f10x_flash.o
FLASH_GetUserOptionByte                           Libraries\STM32F10x_StdPeriph_Driver\src\stm32f10x_flash.o
FLASH_GetWriteProtectionOptionByte                Libraries\STM32F10x_StdPeriph_Driver\src\stm32f10x_flash.o
FLASH_HalfCycleAccessCmd                          Libraries\STM32F10x_StdPeriph_Driver\src\stm32f10x_flash.o
FLASH_IRQHandler                                  src\startup_stm32f10x_ld_vl.o
FLASH_ITConfig                                    Libraries\STM32F10x_StdPeriph_Driver\src\stm32f10x_flash.o
FLASH_Lock                                        Libraries\STM32F10x_StdPeriph_Driver\src\stm32f10x_flash.o
FLASH_LockBank1                                   Libraries\STM32F10x_StdPeriph_Driver\src\stm32f10x_flash.o
FLASH_PrefetchBufferCmd                           Libraries\STM32F10x_StdPeriph_Driver\src\stm32f10x_flash.o
                                                  src\main.o
FLASH_ProgramHalfWord                             Libraries\STM32F10x_StdPeriph_Driver\src\stm32f10x_flash.o
FLASH_ProgramOptionByteData                       Libraries\STM32F10x_StdPeriph_Driver\src\stm32f10x_flash.o
FLASH_ProgramWord                                 Libraries\STM32F10x_StdPeriph_Driver\src\stm32f10x_flash.o
FLASH_ReadOutProtection                           Libraries\STM32F10x_StdPeriph_Driver\src\stm32f10x_flash.o
FLASH_SetLatency                                  Libraries\STM32F10x_StdPeriph_Driver\src\stm32f10x_flash.o
                                                  src\main.o
FLASH_Unlock                                      Libraries\STM32F10x_StdPeriph_Driver\src\stm32f10x_flash.o
FLASH_UnlockBank1                                 Libraries\STM32F10x_StdPeriph_Driver\src\stm32f10x_flash.o
FLASH_UserOptionByteConfig                        Libraries\STM32F10x_StdPeriph_Driver\src\stm32f10x_flash.o
FLASH_WaitForLastBank1Operation                   Libraries\STM32F10x_StdPeriph_Driver\src\stm32f10x_flash.o
FLASH_WaitForLastOperation                        Libraries\STM32F10x_StdPeriph_Driver\src\stm32f10x_flash.o
FSMC_ClearFlag                                    Libraries\STM32F10x_StdPeriph_Driver\src\stm32f10x_fsmc.o
FSMC_ClearITPendingBit                            Libraries\STM32F10x_StdPeriph_Driver\src\stm32f10x_fsmc.o
FSMC_GetECC                                       Libraries\STM32F10x_StdPeriph_Driver\src\stm32f10x_fsmc.o
FSMC_GetFlagStatus                                Libraries\STM32F10x_StdPeriph_Driver\src\stm32f10x_fsmc.o
FSMC_GetITStatus                                  Libraries\STM32F10x_StdPeriph_Driver\src\stm32f10x_fsmc.o
FSMC_ITConfig                                     Libraries\STM32F10x_StdPeriph_Driver\src\stm32f10x_fsmc.o
FSMC_NANDCmd                                      Libraries\STM32F10x_StdPeriph_Driver\src\stm32f10x_fsmc.o
FSMC_NANDDeInit                                   Libraries\STM32F10x_StdPeriph_Driver\src\stm32f10x_fsmc.o
FSMC_NANDECCCmd                                   Libraries\STM32F10x_StdPeriph_Driver\src\stm32f10x_fsmc.o
FSMC_NANDInit                                     Libraries\STM32F10x_StdPeriph_Driver\src\stm32f10x_fsmc.o
FSMC_NANDStructInit                               Libraries\STM32F10x_StdPeriph_Driver\src\stm32f10x_fsmc.o
FSMC_NORSRAMCmd                                   Libraries\STM32F10x_StdPeriph_Driver\src\stm32f10x_fsmc.o
FSMC_NORSRAMDeInit                                Libraries\STM32F10x_StdPeriph_Driver\src\stm32f10x_fsmc.o
FSMC_NORSRAMInit                                  Libraries\STM32F10x_StdPeriph_Driver\src\stm32f10x_fsmc.o
FSMC_NORSRAMStructInit                            Libraries\STM32F10x_StdPeriph_Driver\src\stm32f10x_fsmc.o
FSMC_PCCARDCmd                                    Libraries\STM32F10x_StdPeriph_Driver\src\stm32f10x_fsmc.o
FSMC_PCCARDDeInit                                 Libraries\STM32F10x_StdPeriph_Driver\src\stm32f10x_fsmc.o
FSMC_PCCARDInit                                   Libraries\STM32F10x_StdPeriph_Driver\src\stm32f10x_fsmc.o
FSMC_PCCARDStructInit                             Libraries\STM32F10x_StdPeriph_Driver\src\stm32f10x_fsmc.o
GPIO_AFIODeInit                                   Libraries\STM32F10x_StdPeriph_Driver\src\stm32f10x_gpio.o
GPIO_DeInit                                       Libraries\STM32F10x_StdPeriph_Driver\src\stm32f10x_gpio.o
GPIO_ETH_MediaInterfaceConfig                     Libraries\STM32F10x_StdPeriph_Driver\src\stm32f10x_gpio.o
GPIO_EXTILineConfig                               Libraries\STM32F10x_StdPeriph_Driver\src\stm32f10x_gpio.o
GPIO_EventOutputCmd                               Libraries\STM32F10x_StdPeriph_Driver\src\stm32f10x_gpio.o
GPIO_EventOutputConfig                            Libraries\STM32F10x_StdPeriph_Driver\src\stm32f10x_gpio.o
GPIO_Init                                         Libraries\STM32F10x_StdPeriph_Driver\src\stm32f10x_gpio.o
                                                  src\main.o
GPIO_PinLockConfig                                Libraries\STM32F10x_StdPeriph_Driver\src\stm32f10x_gpio.o
GPIO_PinRemapConfig                               Libraries\STM32F10x_StdPeriph_Driver\src\stm32f10x_gpio.o
GPIO_ReadInputData                                Libraries\STM32F10x_StdPeriph_Driver\src\stm32f10x_gpio.o
GPIO_ReadInputDataBit                             Libraries\STM32F10x_StdPeriph_Driver\src\stm32f10x_gpio.o
                                                  src\main.o
GPIO_ReadOutputData                               Libraries\STM32F10x_StdPeriph_Driver\src\stm32f10x_gpio.o
GPIO_ReadOutputDataBit                            Libraries\STM32F10x_StdPeriph_Driver\src\stm32f10x_gpio.o
GPIO_ResetBits                                    Libraries\STM32F10x_StdPeriph_Driver\src\stm32f10x_gpio.o
                                                  src\main.o
GPIO_SetBits                                      Libraries\STM32F10x_StdPeriph_Driver\src\stm32f10x_gpio.o
                                                  src\main.o
GPIO_StructInit                                   Libraries\STM32F10x_StdPeriph_Driver\src\stm32f10x_gpio.o
                                                  src\main.o
GPIO_Write                                        Libraries\STM32F10x_StdPeriph_Driver\src\stm32f10x_gpio.o
GPIO_WriteBit                                     Libraries\STM32F10x_StdPeriph_Driver\src\stm32f10x_gpio.o
                                                  src\main.o
HardFault_Handler                                 src\stm32f1xx_it.o
I2C1_ER_IRQHandler                                src\startup_stm32f10x_ld_vl.o
I2C1_EV_IRQHandler                                src\startup_stm32f10x_ld_vl.o
I2C_ARPCmd                                        Libraries\STM32F10x_StdPeriph_Driver\src\stm32f10x_i2c.o
I2C_AcknowledgeConfig                             Libraries\STM32F10x_StdPeriph_Driver\src\stm32f10x_i2c.o
I2C_CalculatePEC                                  Libraries\STM32F10x_StdPeriph_Driver\src\stm32f10x_i2c.o
I2C_CheckEvent                                    Libraries\STM32F10x_StdPeriph_Driver\src\stm32f10x_i2c.o
I2C_ClearFlag                                     Libraries\STM32F10x_StdPeriph_Driver\src\stm32f10x_i2c.o
I2C_ClearITPendingBit                             Libraries\STM32F10x_StdPeriph_Driver\src\stm32f10x_i2c.o
I2C_Cmd                                           Libraries\STM32F10x_StdPeriph_Driver\src\stm32f10x_i2c.o
I2C_DMACmd                                        Libraries\STM32F10x_StdPeriph_Driver\src\stm32f10x_i2c.o
I2C_DMALastTransferCmd                            Libraries\STM32F10x_StdPeriph_Driver\src\stm32f10x_i2c.o
I2C_DeInit                                        Libraries\STM32F10x_StdPeriph_Driver\src\stm32f10x_i2c.o
I2C_DualAddressCmd                                Libraries\STM32F10x_StdPeriph_Driver\src\stm32f10x_i2c.o
I2C_FastModeDutyCycleConfig                       Libraries\STM32F10x_StdPeriph_Driver\src\stm32f10x_i2c.o
I2C_GeneralCallCmd                                Libraries\STM32F10x_StdPeriph_Driver\src\stm32f10x_i2c.o
I2C_GenerateSTART                                 Libraries\STM32F10x_StdPeriph_Driver\src\stm32f10x_i2c.o
I2C_GenerateSTOP                                  Libraries\STM32F10x_StdPeriph_Driver\src\stm32f10x_i2c.o
I2C_GetFlagStatus                                 Libraries\STM32F10x_StdPeriph_Driver\src\stm32f10x_i2c.o
I2C_GetITStatus                                   Libraries\STM32F10x_StdPeriph_Driver\src\stm32f10x_i2c.o
I2C_GetLastEvent                                  Libraries\STM32F10x_StdPeriph_Driver\src\stm32f10x_i2c.o
I2C_GetPEC                                        Libraries\STM32F10x_StdPeriph_Driver\src\stm32f10x_i2c.o
I2C_ITConfig                                      Libraries\STM32F10x_StdPeriph_Driver\src\stm32f10x_i2c.o
I2C_Init                                          Libraries\STM32F10x_StdPeriph_Driver\src\stm32f10x_i2c.o
I2C_NACKPositionConfig                            Libraries\STM32F10x_StdPeriph_Driver\src\stm32f10x_i2c.o
I2C_OwnAddress2Config                             Libraries\STM32F10x_StdPeriph_Driver\src\stm32f10x_i2c.o
I2C_PECPositionConfig                             Libraries\STM32F10x_StdPeriph_Driver\src\stm32f10x_i2c.o
I2C_ReadRegister                                  Libraries\STM32F10x_StdPeriph_Driver\src\stm32f10x_i2c.o
I2C_ReceiveData                                   Libraries\STM32F10x_StdPeriph_Driver\src\stm32f10x_i2c.o
I2C_SMBusAlertConfig                              Libraries\STM32F10x_StdPeriph_Driver\src\stm32f10x_i2c.o
I2C_Send7bitAddress                               Libraries\STM32F10x_StdPeriph_Driver\src\stm32f10x_i2c.o
I2C_SendData                                      Libraries\STM32F10x_StdPeriph_Driver\src\stm32f10x_i2c.o
I2C_SoftwareResetCmd                              Libraries\STM32F10x_StdPeriph_Driver\src\stm32f10x_i2c.o
I2C_StretchClockCmd                               Libraries\STM32F10x_StdPeriph_Driver\src\stm32f10x_i2c.o
I2C_StructInit                                    Libraries\STM32F10x_StdPeriph_Driver\src\stm32f10x_i2c.o
I2C_TransmitPEC                                   Libraries\STM32F10x_StdPeriph_Driver\src\stm32f10x_i2c.o
I2S_Cmd                                           Libraries\STM32F10x_StdPeriph_Driver\src\stm32f10x_spi.o
I2S_Init                                          Libraries\STM32F10x_StdPeriph_Driver\src\stm32f10x_spi.o
I2S_StructInit                                    Libraries\STM32F10x_StdPeriph_Driver\src\stm32f10x_spi.o
IWDG_Enable                                       Libraries\STM32F10x_StdPeriph_Driver\src\stm32f10x_iwdg.o
IWDG_GetFlagStatus                                Libraries\STM32F10x_StdPeriph_Driver\src\stm32f10x_iwdg.o
IWDG_ReloadCounter                                Libraries\STM32F10x_StdPeriph_Driver\src\stm32f10x_iwdg.o
IWDG_SetPrescaler                                 Libraries\STM32F10x_StdPeriph_Driver\src\stm32f10x_iwdg.o
IWDG_SetReload                                    Libraries\STM32F10x_StdPeriph_Driver\src\stm32f10x_iwdg.o
IWDG_WriteAccessCmd                               Libraries\STM32F10x_StdPeriph_Driver\src\stm32f10x_iwdg.o
Leg1Lift                                          src\main.o
Leg1Turn                                          src\main.o
Leg2Lift                                          src\main.o
Leg2Turn                                          src\main.o
Leg3Lift                                          src\main.o
Leg3Turn                                          src\main.o
Leg4Lift                                          src\main.o
Leg4Turn                                          src\main.o
Leg5Lift                                          src\main.o
Leg5Turn                                          src\main.o
Leg6Lift                                          src\main.o
Leg6Turn                                          src\main.o
MemManage_Handler                                 src\stm32f1xx_it.o
NMI_Handler                                       src\stm32f1xx_it.o
NVIC_Init                                         Libraries\STM32F10x_StdPeriph_Driver\src\misc.o
                                                  src\main.o
NVIC_PriorityGroupConfig                          Libraries\STM32F10x_StdPeriph_Driver\src\misc.o
NVIC_SetVectorTable                               Libraries\STM32F10x_StdPeriph_Driver\src\misc.o
NVIC_SystemLPConfig                               Libraries\STM32F10x_StdPeriph_Driver\src\misc.o
PVD_IRQHandler                                    src\startup_stm32f10x_ld_vl.o
PWR_BackupAccessCmd                               Libraries\STM32F10x_StdPeriph_Driver\src\stm32f10x_pwr.o
PWR_ClearFlag                                     Libraries\STM32F10x_StdPeriph_Driver\src\stm32f10x_pwr.o
PWR_DeInit                                        Libraries\STM32F10x_StdPeriph_Driver\src\stm32f10x_pwr.o
PWR_EnterSTANDBYMode                              Libraries\STM32F10x_StdPeriph_Driver\src\stm32f10x_pwr.o
PWR_EnterSTOPMode                                 Libraries\STM32F10x_StdPeriph_Driver\src\stm32f10x_pwr.o
PWR_GetFlagStatus                                 Libraries\STM32F10x_StdPeriph_Driver\src\stm32f10x_pwr.o
PWR_PVDCmd                                        Libraries\STM32F10x_StdPeriph_Driver\src\stm32f10x_pwr.o
PWR_PVDLevelConfig                                Libraries\STM32F10x_StdPeriph_Driver\src\stm32f10x_pwr.o
PWR_WakeUpPinCmd                                  Libraries\STM32F10x_StdPeriph_Driver\src\stm32f10x_pwr.o
PendSV_Handler                                    src\stm32f1xx_it.o
PowerON                                           src\main.o
RCC_ADCCLKConfig                                  Libraries\STM32F10x_StdPeriph_Driver\src\stm32f10x_rcc.o
                                                  src\main.o
RCC_AHBPeriphClockCmd                             Libraries\STM32F10x_StdPeriph_Driver\src\stm32f10x_rcc.o
RCC_APB1PeriphClockCmd                            Libraries\STM32F10x_StdPeriph_Driver\src\stm32f10x_rcc.o
                                                  src\main.o
RCC_APB1PeriphResetCmd                            Libraries\STM32F10x_StdPeriph_Driver\src\stm32f10x_rcc.o
                                                  Libraries\STM32F10x_StdPeriph_Driver\src\stm32f10x_can.o
                                                  Libraries\STM32F10x_StdPeriph_Driver\src\stm32f10x_cec.o
                                                  Libraries\STM32F10x_StdPeriph_Driver\src\stm32f10x_dac.o
                                                  Libraries\STM32F10x_StdPeriph_Driver\src\stm32f10x_i2c.o
                                                  Libraries\STM32F10x_StdPeriph_Driver\src\stm32f10x_pwr.o
                                                  Libraries\STM32F10x_StdPeriph_Driver\src\stm32f10x_spi.o
                                                  Libraries\STM32F10x_StdPeriph_Driver\src\stm32f10x_tim.o
                                                  Libraries\STM32F10x_StdPeriph_Driver\src\stm32f10x_usart.o
                                                  Libraries\STM32F10x_StdPeriph_Driver\src\stm32f10x_wwdg.o
RCC_APB2PeriphClockCmd                            Libraries\STM32F10x_StdPeriph_Driver\src\stm32f10x_rcc.o
                                                  src\main.o
RCC_APB2PeriphResetCmd                            Libraries\STM32F10x_StdPeriph_Driver\src\stm32f10x_rcc.o
                                                  Libraries\STM32F10x_StdPeriph_Driver\src\stm32f10x_adc.o
                                                  Libraries\STM32F10x_StdPeriph_Driver\src\stm32f10x_gpio.o
                                                  Libraries\STM32F10x_StdPeriph_Driver\src\stm32f10x_spi.o
                                                  Libraries\STM32F10x_StdPeriph_Driver\src\stm32f10x_tim.o
                                                  Libraries\STM32F10x_StdPeriph_Driver\src\stm32f10x_usart.o
RCC_AdjustHSICalibrationValue                     Libraries\STM32F10x_StdPeriph_Driver\src\stm32f10x_rcc.o
RCC_BackupResetCmd                                Libraries\STM32F10x_StdPeriph_Driver\src\stm32f10x_rcc.o
                                                  Libraries\STM32F10x_StdPeriph_Driver\src\stm32f10x_bkp.o
RCC_ClearFlag                                     Libraries\STM32F10x_StdPeriph_Driver\src\stm32f10x_rcc.o
RCC_ClearITPendingBit                             Libraries\STM32F10x_StdPeriph_Driver\src\stm32f10x_rcc.o
RCC_ClockSecuritySystemCmd                        Libraries\STM32F10x_StdPeriph_Driver\src\stm32f10x_rcc.o
RCC_DeInit                                        Libraries\STM32F10x_StdPeriph_Driver\src\stm32f10x_rcc.o
RCC_GetClocksFreq                                 Libraries\STM32F10x_StdPeriph_Driver\src\stm32f10x_rcc.o
                                                  Libraries\STM32F10x_StdPeriph_Driver\src\stm32f10x_i2c.o
                                                  Libraries\STM32F10x_StdPeriph_Driver\src\stm32f10x_spi.o
                                                  Libraries\STM32F10x_StdPeriph_Driver\src\stm32f10x_usart.o
RCC_GetFlagStatus                                 Libraries\STM32F10x_StdPeriph_Driver\src\stm32f10x_rcc.o
                                                  src\main.o
RCC_GetITStatus                                   Libraries\STM32F10x_StdPeriph_Driver\src\stm32f10x_rcc.o
RCC_GetSYSCLKSource                               Libraries\STM32F10x_StdPeriph_Driver\src\stm32f10x_rcc.o
                                                  src\main.o
RCC_HCLKConfig                                    Libraries\STM32F10x_StdPeriph_Driver\src\stm32f10x_rcc.o
                                                  src\main.o
RCC_HSEConfig                                     Libraries\STM32F10x_StdPeriph_Driver\src\stm32f10x_rcc.o
RCC_HSICmd                                        Libraries\STM32F10x_StdPeriph_Driver\src\stm32f10x_rcc.o
RCC_IRQHandler                                    src\startup_stm32f10x_ld_vl.o
RCC_ITConfig                                      Libraries\STM32F10x_StdPeriph_Driver\src\stm32f10x_rcc.o
RCC_LSEConfig                                     Libraries\STM32F10x_StdPeriph_Driver\src\stm32f10x_rcc.o
RCC_LSICmd                                        Libraries\STM32F10x_StdPeriph_Driver\src\stm32f10x_rcc.o
RCC_MCOConfig                                     Libraries\STM32F10x_StdPeriph_Driver\src\stm32f10x_rcc.o
RCC_PCLK1Config                                   Libraries\STM32F10x_StdPeriph_Driver\src\stm32f10x_rcc.o
                                                  src\main.o
RCC_PCLK2Config                                   Libraries\STM32F10x_StdPeriph_Driver\src\stm32f10x_rcc.o
                                                  src\main.o
RCC_PLLCmd                                        Libraries\STM32F10x_StdPeriph_Driver\src\stm32f10x_rcc.o
                                                  src\main.o
RCC_PLLConfig                                     Libraries\STM32F10x_StdPeriph_Driver\src\stm32f10x_rcc.o
                                                  src\main.o
RCC_PREDIV1Config                                 Libraries\STM32F10x_StdPeriph_Driver\src\stm32f10x_rcc.o
RCC_RTCCLKCmd                                     Libraries\STM32F10x_StdPeriph_Driver\src\stm32f10x_rcc.o
RCC_RTCCLKConfig                                  Libraries\STM32F10x_StdPeriph_Driver\src\stm32f10x_rcc.o
RCC_SYSCLKConfig                                  Libraries\STM32F10x_StdPeriph_Driver\src\stm32f10x_rcc.o
                                                  src\main.o
RCC_USBCLKConfig                                  Libraries\STM32F10x_StdPeriph_Driver\src\stm32f10x_rcc.o
RCC_WaitForHSEStartUp                             Libraries\STM32F10x_StdPeriph_Driver\src\stm32f10x_rcc.o
RTCAlarm_IRQHandler                               src\startup_stm32f10x_ld_vl.o
RTC_ClearFlag                                     Libraries\STM32F10x_StdPeriph_Driver\src\stm32f10x_rtc.o
RTC_ClearITPendingBit                             Libraries\STM32F10x_StdPeriph_Driver\src\stm32f10x_rtc.o
RTC_EnterConfigMode                               Libraries\STM32F10x_StdPeriph_Driver\src\stm32f10x_rtc.o
RTC_ExitConfigMode                                Libraries\STM32F10x_StdPeriph_Driver\src\stm32f10x_rtc.o
RTC_GetCounter                                    Libraries\STM32F10x_StdPeriph_Driver\src\stm32f10x_rtc.o
RTC_GetDivider                                    Libraries\STM32F10x_StdPeriph_Driver\src\stm32f10x_rtc.o
RTC_GetFlagStatus                                 Libraries\STM32F10x_StdPeriph_Driver\src\stm32f10x_rtc.o
RTC_GetITStatus                                   Libraries\STM32F10x_StdPeriph_Driver\src\stm32f10x_rtc.o
RTC_IRQHandler                                    src\startup_stm32f10x_ld_vl.o
RTC_ITConfig                                      Libraries\STM32F10x_StdPeriph_Driver\src\stm32f10x_rtc.o
RTC_SetAlarm                                      Libraries\STM32F10x_StdPeriph_Driver\src\stm32f10x_rtc.o
RTC_SetCounter                                    Libraries\STM32F10x_StdPeriph_Driver\src\stm32f10x_rtc.o
RTC_SetPrescaler                                  Libraries\STM32F10x_StdPeriph_Driver\src\stm32f10x_rtc.o
RTC_WaitForLastTask                               Libraries\STM32F10x_StdPeriph_Driver\src\stm32f10x_rtc.o
RTC_WaitForSynchro                                Libraries\STM32F10x_StdPeriph_Driver\src\stm32f10x_rtc.o
Reset_Handler                                     src\startup_stm32f10x_ld_vl.o
SDIO_CEATAITCmd                                   Libraries\STM32F10x_StdPeriph_Driver\src\stm32f10x_sdio.o
SDIO_ClearFlag                                    Libraries\STM32F10x_StdPeriph_Driver\src\stm32f10x_sdio.o
SDIO_ClearITPendingBit                            Libraries\STM32F10x_StdPeriph_Driver\src\stm32f10x_sdio.o
SDIO_ClockCmd                                     Libraries\STM32F10x_StdPeriph_Driver\src\stm32f10x_sdio.o
SDIO_CmdStructInit                                Libraries\STM32F10x_StdPeriph_Driver\src\stm32f10x_sdio.o
SDIO_CommandCompletionCmd                         Libraries\STM32F10x_StdPeriph_Driver\src\stm32f10x_sdio.o
SDIO_DMACmd                                       Libraries\STM32F10x_StdPeriph_Driver\src\stm32f10x_sdio.o
SDIO_DataConfig                                   Libraries\STM32F10x_StdPeriph_Driver\src\stm32f10x_sdio.o
SDIO_DataStructInit                               Libraries\STM32F10x_StdPeriph_Driver\src\stm32f10x_sdio.o
SDIO_DeInit                                       Libraries\STM32F10x_StdPeriph_Driver\src\stm32f10x_sdio.o
SDIO_GetCommandResponse                           Libraries\STM32F10x_StdPeriph_Driver\src\stm32f10x_sdio.o
SDIO_GetDataCounter                               Libraries\STM32F10x_StdPeriph_Driver\src\stm32f10x_sdio.o
SDIO_GetFIFOCount                                 Libraries\STM32F10x_StdPeriph_Driver\src\stm32f10x_sdio.o
SDIO_GetFlagStatus                                Libraries\STM32F10x_StdPeriph_Driver\src\stm32f10x_sdio.o
SDIO_GetITStatus                                  Libraries\STM32F10x_StdPeriph_Driver\src\stm32f10x_sdio.o
SDIO_GetPowerState                                Libraries\STM32F10x_StdPeriph_Driver\src\stm32f10x_sdio.o
SDIO_GetResponse                                  Libraries\STM32F10x_StdPeriph_Driver\src\stm32f10x_sdio.o
SDIO_ITConfig                                     Libraries\STM32F10x_StdPeriph_Driver\src\stm32f10x_sdio.o
SDIO_Init                                         Libraries\STM32F10x_StdPeriph_Driver\src\stm32f10x_sdio.o
SDIO_ReadData                                     Libraries\STM32F10x_StdPeriph_Driver\src\stm32f10x_sdio.o
SDIO_SendCEATACmd                                 Libraries\STM32F10x_StdPeriph_Driver\src\stm32f10x_sdio.o
SDIO_SendCommand                                  Libraries\STM32F10x_StdPeriph_Driver\src\stm32f10x_sdio.o
SDIO_SendSDIOSuspendCmd                           Libraries\STM32F10x_StdPeriph_Driver\src\stm32f10x_sdio.o
SDIO_SetPowerState                                Libraries\STM32F10x_StdPeriph_Driver\src\stm32f10x_sdio.o
SDIO_SetSDIOOperation                             Libraries\STM32F10x_StdPeriph_Driver\src\stm32f10x_sdio.o
SDIO_SetSDIOReadWaitMode                          Libraries\STM32F10x_StdPeriph_Driver\src\stm32f10x_sdio.o
SDIO_StartSDIOReadWait                            Libraries\STM32F10x_StdPeriph_Driver\src\stm32f10x_sdio.o
SDIO_StopSDIOReadWait                             Libraries\STM32F10x_StdPeriph_Driver\src\stm32f10x_sdio.o
SDIO_StructInit                                   Libraries\STM32F10x_StdPeriph_Driver\src\stm32f10x_sdio.o
SDIO_WriteData                                    Libraries\STM32F10x_StdPeriph_Driver\src\stm32f10x_sdio.o
SPI1_IRQHandler                                   src\startup_stm32f10x_ld_vl.o
SPI_BiDirectionalLineConfig                       Libraries\STM32F10x_StdPeriph_Driver\src\stm32f10x_spi.o
SPI_CalculateCRC                                  Libraries\STM32F10x_StdPeriph_Driver\src\stm32f10x_spi.o
SPI_Cmd                                           Libraries\STM32F10x_StdPeriph_Driver\src\stm32f10x_spi.o
SPI_DataSizeConfig                                Libraries\STM32F10x_StdPeriph_Driver\src\stm32f10x_spi.o
SPI_GetCRC                                        Libraries\STM32F10x_StdPeriph_Driver\src\stm32f10x_spi.o
SPI_GetCRCPolynomial                              Libraries\STM32F10x_StdPeriph_Driver\src\stm32f10x_spi.o
SPI_I2S_ClearFlag                                 Libraries\STM32F10x_StdPeriph_Driver\src\stm32f10x_spi.o
SPI_I2S_ClearITPendingBit                         Libraries\STM32F10x_StdPeriph_Driver\src\stm32f10x_spi.o
SPI_I2S_DMACmd                                    Libraries\STM32F10x_StdPeriph_Driver\src\stm32f10x_spi.o
SPI_I2S_DeInit                                    Libraries\STM32F10x_StdPeriph_Driver\src\stm32f10x_spi.o
SPI_I2S_GetFlagStatus                             Libraries\STM32F10x_StdPeriph_Driver\src\stm32f10x_spi.o
SPI_I2S_GetITStatus                               Libraries\STM32F10x_StdPeriph_Driver\src\stm32f10x_spi.o
SPI_I2S_ITConfig                                  Libraries\STM32F10x_StdPeriph_Driver\src\stm32f10x_spi.o
SPI_I2S_ReceiveData                               Libraries\STM32F10x_StdPeriph_Driver\src\stm32f10x_spi.o
SPI_I2S_SendData                                  Libraries\STM32F10x_StdPeriph_Driver\src\stm32f10x_spi.o
SPI_Init                                          Libraries\STM32F10x_StdPeriph_Driver\src\stm32f10x_spi.o
SPI_NSSInternalSoftwareConfig                     Libraries\STM32F10x_StdPeriph_Driver\src\stm32f10x_spi.o
SPI_SSOutputCmd                                   Libraries\STM32F10x_StdPeriph_Driver\src\stm32f10x_spi.o
SPI_StructInit                                    Libraries\STM32F10x_StdPeriph_Driver\src\stm32f10x_spi.o
SPI_TransmitCRC                                   Libraries\STM32F10x_StdPeriph_Driver\src\stm32f10x_spi.o
SVC_Handler                                       src\stm32f1xx_it.o
Step                                              src\main.o
SysTick_CLKSourceConfig                           Libraries\STM32F10x_StdPeriph_Driver\src\misc.o
SysTick_Handler                                   src\stm32f1xx_it.o
SystemCoreClock                                   src\system_stm32f10x.o
SystemCoreClockUpdate                             src\system_stm32f10x.o
SystemInit                                        src\system_stm32f10x.o
                                                  src\startup_stm32f10x_ld_vl.o
TAMPER_IRQHandler                                 src\startup_stm32f10x_ld_vl.o
TIM1_BRK_TIM15_IRQHandler                         src\startup_stm32f10x_ld_vl.o
TIM1_CC_IRQHandler                                src\startup_stm32f10x_ld_vl.o
TIM1_TRG_COM_TIM17_IRQHandler                     src\startup_stm32f10x_ld_vl.o
TIM1_UP_TIM16_IRQHandler                          src\startup_stm32f10x_ld_vl.o
TIM2_IRQHandler                                   src\main.o
                                                  src\startup_stm32f10x_ld_vl.o
TIM3_IRQHandler                                   src\startup_stm32f10x_ld_vl.o
TIM6_DAC_IRQHandler                               src\startup_stm32f10x_ld_vl.o
TIM7_IRQHandler                                   src\startup_stm32f10x_ld_vl.o
TIM_ARRPreloadConfig                              Libraries\STM32F10x_StdPeriph_Driver\src\stm32f10x_tim.o
TIM_BDTRConfig                                    Libraries\STM32F10x_StdPeriph_Driver\src\stm32f10x_tim.o
TIM_BDTRStructInit                                Libraries\STM32F10x_StdPeriph_Driver\src\stm32f10x_tim.o
TIM_CCPreloadControl                              Libraries\STM32F10x_StdPeriph_Driver\src\stm32f10x_tim.o
TIM_CCxCmd                                        Libraries\STM32F10x_StdPeriph_Driver\src\stm32f10x_tim.o
TIM_CCxNCmd                                       Libraries\STM32F10x_StdPeriph_Driver\src\stm32f10x_tim.o
TIM_ClearFlag                                     Libraries\STM32F10x_StdPeriph_Driver\src\stm32f10x_tim.o
                                                  src\main.o
TIM_ClearITPendingBit                             Libraries\STM32F10x_StdPeriph_Driver\src\stm32f10x_tim.o
TIM_ClearOC1Ref                                   Libraries\STM32F10x_StdPeriph_Driver\src\stm32f10x_tim.o
TIM_ClearOC2Ref                                   Libraries\STM32F10x_StdPeriph_Driver\src\stm32f10x_tim.o
TIM_ClearOC3Ref                                   Libraries\STM32F10x_StdPeriph_Driver\src\stm32f10x_tim.o
TIM_ClearOC4Ref                                   Libraries\STM32F10x_StdPeriph_Driver\src\stm32f10x_tim.o
TIM_Cmd                                           Libraries\STM32F10x_StdPeriph_Driver\src\stm32f10x_tim.o
                                                  src\main.o
TIM_CounterModeConfig                             Libraries\STM32F10x_StdPeriph_Driver\src\stm32f10x_tim.o
TIM_CtrlPWMOutputs                                Libraries\STM32F10x_StdPeriph_Driver\src\stm32f10x_tim.o
TIM_DMACmd                                        Libraries\STM32F10x_StdPeriph_Driver\src\stm32f10x_tim.o
TIM_DMAConfig                                     Libraries\STM32F10x_StdPeriph_Driver\src\stm32f10x_tim.o
TIM_DeInit                                        Libraries\STM32F10x_StdPeriph_Driver\src\stm32f10x_tim.o
TIM_ETRClockMode1Config                           Libraries\STM32F10x_StdPeriph_Driver\src\stm32f10x_tim.o
TIM_ETRClockMode2Config                           Libraries\STM32F10x_StdPeriph_Driver\src\stm32f10x_tim.o
TIM_ETRConfig                                     Libraries\STM32F10x_StdPeriph_Driver\src\stm32f10x_tim.o
TIM_EncoderInterfaceConfig                        Libraries\STM32F10x_StdPeriph_Driver\src\stm32f10x_tim.o
TIM_ForcedOC1Config                               Libraries\STM32F10x_StdPeriph_Driver\src\stm32f10x_tim.o
TIM_ForcedOC2Config                               Libraries\STM32F10x_StdPeriph_Driver\src\stm32f10x_tim.o
TIM_ForcedOC3Config                               Libraries\STM32F10x_StdPeriph_Driver\src\stm32f10x_tim.o
TIM_ForcedOC4Config                               Libraries\STM32F10x_StdPeriph_Driver\src\stm32f10x_tim.o
TIM_GenerateEvent                                 Libraries\STM32F10x_StdPeriph_Driver\src\stm32f10x_tim.o
TIM_GetCapture1                                   Libraries\STM32F10x_StdPeriph_Driver\src\stm32f10x_tim.o
TIM_GetCapture2                                   Libraries\STM32F10x_StdPeriph_Driver\src\stm32f10x_tim.o
TIM_GetCapture3                                   Libraries\STM32F10x_StdPeriph_Driver\src\stm32f10x_tim.o
TIM_GetCapture4                                   Libraries\STM32F10x_StdPeriph_Driver\src\stm32f10x_tim.o
TIM_GetCounter                                    Libraries\STM32F10x_StdPeriph_Driver\src\stm32f10x_tim.o
TIM_GetFlagStatus                                 Libraries\STM32F10x_StdPeriph_Driver\src\stm32f10x_tim.o
TIM_GetITStatus                                   Libraries\STM32F10x_StdPeriph_Driver\src\stm32f10x_tim.o
TIM_GetPrescaler                                  Libraries\STM32F10x_StdPeriph_Driver\src\stm32f10x_tim.o
TIM_ICInit                                        Libraries\STM32F10x_StdPeriph_Driver\src\stm32f10x_tim.o
TIM_ICStructInit                                  Libraries\STM32F10x_StdPeriph_Driver\src\stm32f10x_tim.o
TIM_ITConfig                                      Libraries\STM32F10x_StdPeriph_Driver\src\stm32f10x_tim.o
                                                  src\main.o
TIM_ITRxExternalClockConfig                       Libraries\STM32F10x_StdPeriph_Driver\src\stm32f10x_tim.o
TIM_InternalClockConfig                           Libraries\STM32F10x_StdPeriph_Driver\src\stm32f10x_tim.o
TIM_OC1FastConfig                                 Libraries\STM32F10x_StdPeriph_Driver\src\stm32f10x_tim.o
TIM_OC1Init                                       Libraries\STM32F10x_StdPeriph_Driver\src\stm32f10x_tim.o
TIM_OC1NPolarityConfig                            Libraries\STM32F10x_StdPeriph_Driver\src\stm32f10x_tim.o
TIM_OC1PolarityConfig                             Libraries\STM32F10x_StdPeriph_Driver\src\stm32f10x_tim.o
TIM_OC1PreloadConfig                              Libraries\STM32F10x_StdPeriph_Driver\src\stm32f10x_tim.o
TIM_OC2FastConfig                                 Libraries\STM32F10x_StdPeriph_Driver\src\stm32f10x_tim.o
TIM_OC2Init                                       Libraries\STM32F10x_StdPeriph_Driver\src\stm32f10x_tim.o
TIM_OC2NPolarityConfig                            Libraries\STM32F10x_StdPeriph_Driver\src\stm32f10x_tim.o
TIM_OC2PolarityConfig                             Libraries\STM32F10x_StdPeriph_Driver\src\stm32f10x_tim.o
TIM_OC2PreloadConfig                              Libraries\STM32F10x_StdPeriph_Driver\src\stm32f10x_tim.o
TIM_OC3FastConfig                                 Libraries\STM32F10x_StdPeriph_Driver\src\stm32f10x_tim.o
TIM_OC3Init                                       Libraries\STM32F10x_StdPeriph_Driver\src\stm32f10x_tim.o
TIM_OC3NPolarityConfig                            Libraries\STM32F10x_StdPeriph_Driver\src\stm32f10x_tim.o
TIM_OC3PolarityConfig                             Libraries\STM32F10x_StdPeriph_Driver\src\stm32f10x_tim.o
TIM_OC3PreloadConfig                              Libraries\STM32F10x_StdPeriph_Driver\src\stm32f10x_tim.o
TIM_OC4FastConfig                                 Libraries\STM32F10x_StdPeriph_Driver\src\stm32f10x_tim.o
TIM_OC4Init                                       Libraries\STM32F10x_StdPeriph_Driver\src\stm32f10x_tim.o
TIM_OC4PolarityConfig                             Libraries\STM32F10x_StdPeriph_Driver\src\stm32f10x_tim.o
TIM_OC4PreloadConfig                              Libraries\STM32F10x_StdPeriph_Driver\src\stm32f10x_tim.o
TIM_OCStructInit                                  Libraries\STM32F10x_StdPeriph_Driver\src\stm32f10x_tim.o
TIM_PWMIConfig                                    Libraries\STM32F10x_StdPeriph_Driver\src\stm32f10x_tim.o
TIM_PrescalerConfig                               Libraries\STM32F10x_StdPeriph_Driver\src\stm32f10x_tim.o
TIM_SelectCCDMA                                   Libraries\STM32F10x_StdPeriph_Driver\src\stm32f10x_tim.o
TIM_SelectCOM                                     Libraries\STM32F10x_StdPeriph_Driver\src\stm32f10x_tim.o
TIM_SelectHallSensor                              Libraries\STM32F10x_StdPeriph_Driver\src\stm32f10x_tim.o
TIM_SelectInputTrigger                            Libraries\STM32F10x_StdPeriph_Driver\src\stm32f10x_tim.o
TIM_SelectMasterSlaveMode                         Libraries\STM32F10x_StdPeriph_Driver\src\stm32f10x_tim.o
TIM_SelectOCxM                                    Libraries\STM32F10x_StdPeriph_Driver\src\stm32f10x_tim.o
TIM_SelectOnePulseMode                            Libraries\STM32F10x_StdPeriph_Driver\src\stm32f10x_tim.o
TIM_SelectOutputTrigger                           Libraries\STM32F10x_StdPeriph_Driver\src\stm32f10x_tim.o
TIM_SelectSlaveMode                               Libraries\STM32F10x_StdPeriph_Driver\src\stm32f10x_tim.o
TIM_SetAutoreload                                 Libraries\STM32F10x_StdPeriph_Driver\src\stm32f10x_tim.o
TIM_SetClockDivision                              Libraries\STM32F10x_StdPeriph_Driver\src\stm32f10x_tim.o
TIM_SetCompare1                                   Libraries\STM32F10x_StdPeriph_Driver\src\stm32f10x_tim.o
TIM_SetCompare2                                   Libraries\STM32F10x_StdPeriph_Driver\src\stm32f10x_tim.o
TIM_SetCompare3                                   Libraries\STM32F10x_StdPeriph_Driver\src\stm32f10x_tim.o
TIM_SetCompare4                                   Libraries\STM32F10x_StdPeriph_Driver\src\stm32f10x_tim.o
TIM_SetCounter                                    Libraries\STM32F10x_StdPeriph_Driver\src\stm32f10x_tim.o
TIM_SetIC1Prescaler                               Libraries\STM32F10x_StdPeriph_Driver\src\stm32f10x_tim.o
TIM_SetIC2Prescaler                               Libraries\STM32F10x_StdPeriph_Driver\src\stm32f10x_tim.o
TIM_SetIC3Prescaler                               Libraries\STM32F10x_StdPeriph_Driver\src\stm32f10x_tim.o
TIM_SetIC4Prescaler                               Libraries\STM32F10x_StdPeriph_Driver\src\stm32f10x_tim.o
TIM_TIxExternalClockConfig                        Libraries\STM32F10x_StdPeriph_Driver\src\stm32f10x_tim.o
TIM_TimeBaseInit                                  Libraries\STM32F10x_StdPeriph_Driver\src\stm32f10x_tim.o
                                                  src\main.o
TIM_TimeBaseStructInit                            Libraries\STM32F10x_StdPeriph_Driver\src\stm32f10x_tim.o
TIM_UpdateDisableConfig                           Libraries\STM32F10x_StdPeriph_Driver\src\stm32f10x_tim.o
TIM_UpdateRequestConfig                           Libraries\STM32F10x_StdPeriph_Driver\src\stm32f10x_tim.o
USART1_IRQHandler                                 src\startup_stm32f10x_ld_vl.o
USART2_IRQHandler                                 src\startup_stm32f10x_ld_vl.o
USART_ClearFlag                                   Libraries\STM32F10x_StdPeriph_Driver\src\stm32f10x_usart.o
                                                  src\main.o
USART_ClearITPendingBit                           Libraries\STM32F10x_StdPeriph_Driver\src\stm32f10x_usart.o
USART_ClockInit                                   Libraries\STM32F10x_StdPeriph_Driver\src\stm32f10x_usart.o
USART_ClockStructInit                             Libraries\STM32F10x_StdPeriph_Driver\src\stm32f10x_usart.o
USART_Cmd                                         Libraries\STM32F10x_StdPeriph_Driver\src\stm32f10x_usart.o
                                                  src\main.o
USART_DMACmd                                      Libraries\STM32F10x_StdPeriph_Driver\src\stm32f10x_usart.o
USART_DeInit                                      Libraries\STM32F10x_StdPeriph_Driver\src\stm32f10x_usart.o
USART_GetFlagStatus                               Libraries\STM32F10x_StdPeriph_Driver\src\stm32f10x_usart.o
                                                  src\main.o
USART_GetITStatus                                 Libraries\STM32F10x_StdPeriph_Driver\src\stm32f10x_usart.o
USART_HalfDuplexCmd                               Libraries\STM32F10x_StdPeriph_Driver\src\stm32f10x_usart.o
USART_ITConfig                                    Libraries\STM32F10x_StdPeriph_Driver\src\stm32f10x_usart.o
USART_Init                                        Libraries\STM32F10x_StdPeriph_Driver\src\stm32f10x_usart.o
                                                  src\main.o
USART_IrDACmd                                     Libraries\STM32F10x_StdPeriph_Driver\src\stm32f10x_usart.o
USART_IrDAConfig                                  Libraries\STM32F10x_StdPeriph_Driver\src\stm32f10x_usart.o
USART_LINBreakDetectLengthConfig                  Libraries\STM32F10x_StdPeriph_Driver\src\stm32f10x_usart.o
USART_LINCmd                                      Libraries\STM32F10x_StdPeriph_Driver\src\stm32f10x_usart.o
USART_OneBitMethodCmd                             Libraries\STM32F10x_StdPeriph_Driver\src\stm32f10x_usart.o
USART_OverSampling8Cmd                            Libraries\STM32F10x_StdPeriph_Driver\src\stm32f10x_usart.o
USART_ReceiveData                                 Libraries\STM32F10x_StdPeriph_Driver\src\stm32f10x_usart.o
                                                  src\main.o
USART_ReceiverWakeUpCmd                           Libraries\STM32F10x_StdPeriph_Driver\src\stm32f10x_usart.o
USART_SendBreak                                   Libraries\STM32F10x_StdPeriph_Driver\src\stm32f10x_usart.o
USART_SendData                                    Libraries\STM32F10x_StdPeriph_Driver\src\stm32f10x_usart.o
                                                  src\main.o
USART_SetAddress                                  Libraries\STM32F10x_StdPeriph_Driver\src\stm32f10x_usart.o
USART_SetGuardTime                                Libraries\STM32F10x_StdPeriph_Driver\src\stm32f10x_usart.o
USART_SetPrescaler                                Libraries\STM32F10x_StdPeriph_Driver\src\stm32f10x_usart.o
USART_SmartCardCmd                                Libraries\STM32F10x_StdPeriph_Driver\src\stm32f10x_usart.o
USART_SmartCardNACKCmd                            Libraries\STM32F10x_StdPeriph_Driver\src\stm32f10x_usart.o
USART_StructInit                                  Libraries\STM32F10x_StdPeriph_Driver\src\stm32f10x_usart.o
USART_WakeUpConfig                                Libraries\STM32F10x_StdPeriph_Driver\src\stm32f10x_usart.o
UsageFault_Handler                                src\stm32f1xx_it.o
WWDG_ClearFlag                                    Libraries\STM32F10x_StdPeriph_Driver\src\stm32f10x_wwdg.o
WWDG_DeInit                                       Libraries\STM32F10x_StdPeriph_Driver\src\stm32f10x_wwdg.o
WWDG_Enable                                       Libraries\STM32F10x_StdPeriph_Driver\src\stm32f10x_wwdg.o
WWDG_EnableIT                                     Libraries\STM32F10x_StdPeriph_Driver\src\stm32f10x_wwdg.o
WWDG_GetFlagStatus                                Libraries\STM32F10x_StdPeriph_Driver\src\stm32f10x_wwdg.o
WWDG_IRQHandler                                   src\startup_stm32f10x_ld_vl.o
WWDG_SetCounter                                   Libraries\STM32F10x_StdPeriph_Driver\src\stm32f10x_wwdg.o
WWDG_SetPrescaler                                 Libraries\STM32F10x_StdPeriph_Driver\src\stm32f10x_wwdg.o
WWDG_SetWindowValue                               Libraries\STM32F10x_StdPeriph_Driver\src\stm32f10x_wwdg.o
_Jv_RegisterClasses                               d:/program files (x86)/truestudio for arm lite 5.0.0/armtools/bin/../lib/gcc/arm-atollic-eabi/4.7.3/armv7-m/crtbegin.o
__adddf3                                          d:/program files (x86)/truestudio for arm lite 5.0.0/armtools/bin/../lib/gcc/arm-atollic-eabi/4.7.3/armv7-m\libgcc.a(_arm_addsubdf3.o)
__addsf3                                          d:/program files (x86)/truestudio for arm lite 5.0.0/armtools/bin/../lib/gcc/arm-atollic-eabi/4.7.3/armv7-m\libgcc.a(_arm_addsubsf3.o)
__aeabi_d2f                                       d:/program files (x86)/truestudio for arm lite 5.0.0/armtools/bin/../lib/gcc/arm-atollic-eabi/4.7.3/armv7-m\libgcc.a(_arm_truncdfsf2.o)
                                                  src\main.o